Dec 07 13:04:48 xuan-laptop kernel: microcode: updated early: 0xac -> 0xb4, date = 2023-09-07
Dec 07 13:04:48 xuan-laptop kernel: Linux version 6.6.4-arch1-1 (linux@archlinux) (gcc (GCC) 13.2.1 20230801, GNU ld (GNU Binutils) 2.41.0) #1 SMP PREEMPT_DYNAMIC Mon, 04 Dec 2023 00:29:19 +0000
Dec 07 13:04:48 xuan-laptop kernel: Command line: BOOT_IMAGE=/vmlinuz-linux root=UUID=d92d756a-074f-453f-aa66-5220fc8a106b rw loglevel=3 quiet
Dec 07 13:04:48 xuan-laptop kernel: x86/split lock detection: #AC: crashing the kernel on kernel split_locks and warning on user-space split_locks
Dec 07 13:04:48 xuan-laptop kernel: BIOS-provided physical RAM map:
Dec 07 13:04:48 xuan-laptop kernel: BIOS-e820: [mem 0x0000000000000000-0x000000000009efff] usable
Dec 07 13:04:48 xuan-laptop kernel: BIOS-e820: [mem 0x000000000009f000-0x00000000000fffff] reserved
Dec 07 13:04:48 xuan-laptop kernel: BIOS-e820: [mem 0x0000000000100000-0x000000003c8a2fff] usable
Dec 07 13:04:48 xuan-laptop kernel: BIOS-e820: [mem 0x000000003c8a3000-0x000000003fa90fff] reserved
Dec 07 13:04:48 xuan-laptop kernel: BIOS-e820: [mem 0x000000003fa91000-0x000000003fb32fff] ACPI NVS
Dec 07 13:04:48 xuan-laptop kernel: BIOS-e820: [mem 0x000000003fb33000-0x000000003fbfefff] ACPI data
Dec 07 13:04:48 xuan-laptop kernel: BIOS-e820: [mem 0x000000003fbff000-0x000000003fbfffff] usable
Dec 07 13:04:48 xuan-laptop kernel: BIOS-e820: [mem 0x000000003fc00000-0x0000000045ffffff] reserved
Dec 07 13:04:48 xuan-laptop kernel: BIOS-e820: [mem 0x0000000046e00000-0x0000000046ffffff] reserved
Dec 07 13:04:48 xuan-laptop kernel: BIOS-e820: [mem 0x0000000048000000-0x00000000507fffff] reserved
Dec 07 13:04:48 xuan-laptop kernel: BIOS-e820: [mem 0x00000000c0000000-0x00000000cfffffff] reserved
Dec 07 13:04:48 xuan-laptop kernel: BIOS-e820: [mem 0x00000000fed20000-0x00000000fed7ffff] reserved
Dec 07 13:04:48 xuan-laptop kernel: BIOS-e820: [mem 0x00000000ff000000-0x00000000ffffffff] reserved
Dec 07 13:04:48 xuan-laptop kernel: BIOS-e820: [mem 0x0000000100000000-0x00000004af7fffff] usable
Dec 07 13:04:48 xuan-laptop kernel: NX (Execute Disable) protection: active
Dec 07 13:04:48 xuan-laptop kernel: APIC: Static calls initialized
Dec 07 13:04:48 xuan-laptop kernel: efi: EFI v2.7 by HP
Dec 07 13:04:48 xuan-laptop kernel: efi: ACPI=0x3fbfe000 ACPI 2.0=0x3fbfe014 SMBIOS=0x3c974000 ESRT=0x3c972118 MEMATTR=0x3394c018 INITRD=0x32bd3e18 RNG=0x3fb63018 
Dec 07 13:04:48 xuan-laptop kernel: random: crng init done
Dec 07 13:04:48 xuan-laptop kernel: efi: Remove mem379: MMIO range=[0xc0000000-0xcfffffff] (256MB) from e820 map
Dec 07 13:04:48 xuan-laptop kernel: e820: remove [mem 0xc0000000-0xcfffffff] reserved
Dec 07 13:04:48 xuan-laptop kernel: efi: Remove mem381: MMIO range=[0xff000000-0xffffffff] (16MB) from e820 map
Dec 07 13:04:48 xuan-laptop kernel: e820: remove [mem 0xff000000-0xffffffff] reserved
Dec 07 13:04:48 xuan-laptop kernel: SMBIOS 3.3 present.
Dec 07 13:04:48 xuan-laptop kernel: DMI: HP HP ZHAN 66 Pro 14 G4 Notebook PC/87E2, BIOS T71 Ver. 01.14.00 06/27/2023
Dec 07 13:04:48 xuan-laptop kernel: tsc: Detected 2400.000 MHz processor
Dec 07 13:04:48 xuan-laptop kernel: tsc: Detected 2419.200 MHz TSC
Dec 07 13:04:48 xuan-laptop kernel: e820: update [mem 0x00000000-0x00000fff] usable ==> reserved
Dec 07 13:04:48 xuan-laptop kernel: e820: remove [mem 0x000a0000-0x000fffff] usable
Dec 07 13:04:48 xuan-laptop kernel: last_pfn = 0x4af800 max_arch_pfn = 0x400000000
Dec 07 13:04:48 xuan-laptop kernel: MTRR map: 5 entries (3 fixed + 2 variable; max 23), built from 10 variable MTRRs
Dec 07 13:04:48 xuan-laptop kernel: x86/PAT: Configuration [0-7]: WB  WC  UC- UC  WB  WP  UC- WT  
Dec 07 13:04:48 xuan-laptop kernel: last_pfn = 0x3fc00 max_arch_pfn = 0x400000000
Dec 07 13:04:48 xuan-laptop kernel: esrt: Reserving ESRT space from 0x000000003c972118 to 0x000000003c972128.
Dec 07 13:04:48 xuan-laptop kernel: Using GB pages for direct mapping
Dec 07 13:04:48 xuan-laptop kernel: Secure boot disabled
Dec 07 13:04:48 xuan-laptop kernel: RAMDISK: [mem 0x2beea000-0x2e51dfff]
Dec 07 13:04:48 xuan-laptop kernel: ACPI: Early table checksum verification disabled
Dec 07 13:04:48 xuan-laptop kernel: ACPI: RSDP 0x000000003FBFE014 000024 (v02 HPQOEM)
Dec 07 13:04:48 xuan-laptop kernel: ACPI: XSDT 0x000000003FB80188 00015C (v01 HPQOEM SLIC-BPC 00000000      01000013)
Dec 07 13:04:48 xuan-laptop kernel: ACPI: FACP 0x000000003FBFD000 000114 (v06 HPQOEM SLIC-BPC 00000000 HP   00000001)
Dec 07 13:04:48 xuan-laptop kernel: ACPI: DSDT 0x000000003FB8A000 04163E (v02 HPQOEM 87E2     00000000 INTL 20160527)
Dec 07 13:04:48 xuan-laptop kernel: ACPI: FACS 0x000000003FAD0000 000040
Dec 07 13:04:48 xuan-laptop kernel: ACPI: SSDT 0x000000003FBFC000 0002D7 (v01 HP     NVTEC    00000001 INTL 20160527)
Dec 07 13:04:48 xuan-laptop kernel: ACPI: SSDT 0x000000003FBFB000 00012A (v02 HP     ShmTable 00000001 INTL 20160527)
Dec 07 13:04:48 xuan-laptop kernel: ACPI: SSDT 0x000000003FBF8000 00255C (v02 CpuRef CpuSsdt  00003000 INTL 20160527)
Dec 07 13:04:48 xuan-laptop kernel: ACPI: SSDT 0x000000003FBEC000 00B1DA (v02 AcpiRe PLT_RTD3 00001000 INTL 20160527)
Dec 07 13:04:48 xuan-laptop kernel: ACPI: RTMA 0x000000003FBEB000 00009E (v01 HP     _HBMART_ 00001000 HP   00000001)
Dec 07 13:04:48 xuan-laptop kernel: ACPI: SSDT 0x000000003FBE9000 001575 (v02 HP     UcsiAcpi 00000001 INTL 20160527)
Dec 07 13:04:48 xuan-laptop kernel: ACPI: SSDT 0x000000003FBE8000 0000FB (v02 HP     UcsiCntr 00000001 INTL 20160527)
Dec 07 13:04:48 xuan-laptop kernel: ACPI: OEML 0x000000003FBE7000 000028 (v03 HPQOEM TGL-ULT  00000002      01000013)
Dec 07 13:04:48 xuan-laptop kernel: ACPI: SSDT 0x000000003FBE5000 001D55 (v01 HP     LAPTOPPC 00001000 INTL 20160527)
Dec 07 13:04:48 xuan-laptop kernel: ACPI: SSDT 0x000000003FBE1000 002E43 (v02 SaSsdt SaSsdt   00003000 INTL 20160527)
Dec 07 13:04:48 xuan-laptop kernel: ACPI: SSDT 0x000000003FBDD000 003375 (v02 INTEL  IgfxSsdt 00003000 INTL 20160527)
Dec 07 13:04:48 xuan-laptop kernel: ACPI: SSDT 0x000000003FBD1000 00B6E3 (v02 INTEL  TcssSsdt 00001000 INTL 20160527)
Dec 07 13:04:48 xuan-laptop kernel: ACPI: MSDM 0x000000003FBD0000 000055 (v03 HPQOEM SLIC-BPC 00000000 HP   00000001)
Dec 07 13:04:48 xuan-laptop kernel: ACPI: WSMT 0x000000003FBCF000 000028 (v01 HPQOEM 87E2     00000001 HP   00000001)
Dec 07 13:04:48 xuan-laptop kernel: ACPI: HPET 0x000000003FBCD000 000038 (v01 HPQOEM 87E2     00000001 HP   00000001)
Dec 07 13:04:48 xuan-laptop kernel: ACPI: APIC 0x000000003FBCC000 00012C (v04 HPQOEM 87E2     00000001 HP   00000001)
Dec 07 13:04:48 xuan-laptop kernel: ACPI: SSDT 0x000000003FB89000 000C2E (v02 HPQOEM HP_XHC_P 00000000 INTL 20160527)
Dec 07 13:04:48 xuan-laptop kernel: ACPI: NHLT 0x000000003FB87000 001B27 (v00 HPQOEM TGL-ULT  00000002      01000013)
Dec 07 13:04:48 xuan-laptop kernel: ACPI: SSDT 0x000000003FB81000 0058FF (v02 DptfTb DptfTabl 00001000 INTL 20160527)
Dec 07 13:04:48 xuan-laptop kernel: ACPI: WSMT 0x000000003FB7F000 000028 (v01 HPQOEM          00000000      00000000)
Dec 07 13:04:48 xuan-laptop kernel: ACPI: DMAR 0x000000003FB7E000 000088 (v02 INTEL  TGL      00000002 INTL 01000013)
Dec 07 13:04:48 xuan-laptop kernel: ACPI: SSDT 0x000000003FB76000 0074D3 (v02 HPQOEM MS-SSDT  00003000 INTL 20160527)
Dec 07 13:04:48 xuan-laptop kernel: ACPI: LPIT 0x000000003FBCE000 00005C (v01 HPQOEM TGL-ULT  00000002      01000013)
Dec 07 13:04:48 xuan-laptop kernel: ACPI: MCFG 0x000000003FB75000 00003C (v01 HPQOEM TGL-ULT  00000002      01000013)
Dec 07 13:04:48 xuan-laptop kernel: ACPI: SSDT 0x000000003FB74000 00019B (v01 HP     HPNBCONV 00001000 INTL 20160527)
Dec 07 13:04:48 xuan-laptop kernel: ACPI: SSDT 0x000000003FB73000 000609 (v01 HP     INTTPL   00001000 INTL 20160527)
Dec 07 13:04:48 xuan-laptop kernel: ACPI: SSDT 0x000000003FB6E000 004814 (v01 HP     NVHG     00001000 INTL 20160527)
Dec 07 13:04:48 xuan-laptop kernel: ACPI: SSDT 0x000000003FB6D000 000522 (v01 HP     NVPOWERC 00001000 INTL 20160527)
Dec 07 13:04:48 xuan-laptop kernel: ACPI: SSDT 0x000000003FB6A000 00284A (v01 HP     HPINNBWL 00001000 INTL 20160527)
Dec 07 13:04:48 xuan-laptop kernel: ACPI: SSDT 0x000000003FB69000 000032 (v01 HP     HPCONDEV 00001000 INTL 20160527)
Dec 07 13:04:48 xuan-laptop kernel: ACPI: SSDT 0x000000003FB68000 000F18 (v02 HP     HPINTELG 00001000 INTL 20160527)
Dec 07 13:04:48 xuan-laptop kernel: ACPI: SSDT 0x000000003FB67000 000069 (v01 HP     HPCAHWID 00001000 INTL 20160527)
Dec 07 13:04:48 xuan-laptop kernel: ACPI: UEFI 0x000000003FACA000 00063A (v01 INTEL  RstVmdE  00000000 ??   00000000)
Dec 07 13:04:48 xuan-laptop kernel: ACPI: UEFI 0x000000003FAC9000 00005C (v01 INTEL  RstVmdV  00000000 ??   00000000)
Dec 07 13:04:48 xuan-laptop kernel: ACPI: BGRT 0x000000003FB66000 000038 (v01 HPQOEM TGL-ULT  00000002      01000013)
Dec 07 13:04:48 xuan-laptop kernel: ACPI: PTDT 0x000000003FB65000 000024 (v00 HPQOEM SLIC-BPC 00000005 MSFT 0100000D)
Dec 07 13:04:48 xuan-laptop kernel: ACPI: SSDT 0x000000003FBE4000 0002F9 (v02 HP     PwrCtlEv 00000001 INTL 20160527)
Dec 07 13:04:48 xuan-laptop kernel: ACPI: FPDT 0x000000003FB64000 000044 (v01 HPQOEM TGL-ULT  00000002      01000013)
Dec 07 13:04:48 xuan-laptop kernel: ACPI: Reserving FACP table memory at [mem 0x3fbfd000-0x3fbfd113]
Dec 07 13:04:48 xuan-laptop kernel: ACPI: Reserving DSDT table memory at [mem 0x3fb8a000-0x3fbcb63d]
Dec 07 13:04:48 xuan-laptop kernel: ACPI: Reserving FACS table memory at [mem 0x3fad0000-0x3fad003f]
Dec 07 13:04:48 xuan-laptop kernel: ACPI: Reserving SSDT table memory at [mem 0x3fbfc000-0x3fbfc2d6]
Dec 07 13:04:48 xuan-laptop kernel: ACPI: Reserving SSDT table memory at [mem 0x3fbfb000-0x3fbfb129]
Dec 07 13:04:48 xuan-laptop kernel: ACPI: Reserving SSDT table memory at [mem 0x3fbf8000-0x3fbfa55b]
Dec 07 13:04:48 xuan-laptop kernel: ACPI: Reserving SSDT table memory at [mem 0x3fbec000-0x3fbf71d9]
Dec 07 13:04:48 xuan-laptop kernel: ACPI: Reserving RTMA table memory at [mem 0x3fbeb000-0x3fbeb09d]
Dec 07 13:04:48 xuan-laptop kernel: ACPI: Reserving SSDT table memory at [mem 0x3fbe9000-0x3fbea574]
Dec 07 13:04:48 xuan-laptop kernel: ACPI: Reserving SSDT table memory at [mem 0x3fbe8000-0x3fbe80fa]
Dec 07 13:04:48 xuan-laptop kernel: ACPI: Reserving OEML table memory at [mem 0x3fbe7000-0x3fbe7027]
Dec 07 13:04:48 xuan-laptop kernel: ACPI: Reserving SSDT table memory at [mem 0x3fbe5000-0x3fbe6d54]
Dec 07 13:04:48 xuan-laptop kernel: ACPI: Reserving SSDT table memory at [mem 0x3fbe1000-0x3fbe3e42]
Dec 07 13:04:48 xuan-laptop kernel: ACPI: Reserving SSDT table memory at [mem 0x3fbdd000-0x3fbe0374]
Dec 07 13:04:48 xuan-laptop kernel: ACPI: Reserving SSDT table memory at [mem 0x3fbd1000-0x3fbdc6e2]
Dec 07 13:04:48 xuan-laptop kernel: ACPI: Reserving MSDM table memory at [mem 0x3fbd0000-0x3fbd0054]
Dec 07 13:04:48 xuan-laptop kernel: ACPI: Reserving WSMT table memory at [mem 0x3fbcf000-0x3fbcf027]
Dec 07 13:04:48 xuan-laptop kernel: ACPI: Reserving HPET table memory at [mem 0x3fbcd000-0x3fbcd037]
Dec 07 13:04:48 xuan-laptop kernel: ACPI: Reserving APIC table memory at [mem 0x3fbcc000-0x3fbcc12b]
Dec 07 13:04:48 xuan-laptop kernel: ACPI: Reserving SSDT table memory at [mem 0x3fb89000-0x3fb89c2d]
Dec 07 13:04:48 xuan-laptop kernel: ACPI: Reserving NHLT table memory at [mem 0x3fb87000-0x3fb88b26]
Dec 07 13:04:48 xuan-laptop kernel: ACPI: Reserving SSDT table memory at [mem 0x3fb81000-0x3fb868fe]
Dec 07 13:04:48 xuan-laptop kernel: ACPI: Reserving WSMT table memory at [mem 0x3fb7f000-0x3fb7f027]
Dec 07 13:04:48 xuan-laptop kernel: ACPI: Reserving DMAR table memory at [mem 0x3fb7e000-0x3fb7e087]
Dec 07 13:04:48 xuan-laptop kernel: ACPI: Reserving SSDT table memory at [mem 0x3fb76000-0x3fb7d4d2]
Dec 07 13:04:48 xuan-laptop kernel: ACPI: Reserving LPIT table memory at [mem 0x3fbce000-0x3fbce05b]
Dec 07 13:04:48 xuan-laptop kernel: ACPI: Reserving MCFG table memory at [mem 0x3fb75000-0x3fb7503b]
Dec 07 13:04:48 xuan-laptop kernel: ACPI: Reserving SSDT table memory at [mem 0x3fb74000-0x3fb7419a]
Dec 07 13:04:48 xuan-laptop kernel: ACPI: Reserving SSDT table memory at [mem 0x3fb73000-0x3fb73608]
Dec 07 13:04:48 xuan-laptop kernel: ACPI: Reserving SSDT table memory at [mem 0x3fb6e000-0x3fb72813]
Dec 07 13:04:48 xuan-laptop kernel: ACPI: Reserving SSDT table memory at [mem 0x3fb6d000-0x3fb6d521]
Dec 07 13:04:48 xuan-laptop kernel: ACPI: Reserving SSDT table memory at [mem 0x3fb6a000-0x3fb6c849]
Dec 07 13:04:48 xuan-laptop kernel: ACPI: Reserving SSDT table memory at [mem 0x3fb69000-0x3fb69031]
Dec 07 13:04:48 xuan-laptop kernel: ACPI: Reserving SSDT table memory at [mem 0x3fb68000-0x3fb68f17]
Dec 07 13:04:48 xuan-laptop kernel: ACPI: Reserving SSDT table memory at [mem 0x3fb67000-0x3fb67068]
Dec 07 13:04:48 xuan-laptop kernel: ACPI: Reserving UEFI table memory at [mem 0x3faca000-0x3faca639]
Dec 07 13:04:48 xuan-laptop kernel: ACPI: Reserving UEFI table memory at [mem 0x3fac9000-0x3fac905b]
Dec 07 13:04:48 xuan-laptop kernel: ACPI: Reserving BGRT table memory at [mem 0x3fb66000-0x3fb66037]
Dec 07 13:04:48 xuan-laptop kernel: ACPI: Reserving PTDT table memory at [mem 0x3fb65000-0x3fb65023]
Dec 07 13:04:48 xuan-laptop kernel: ACPI: Reserving SSDT table memory at [mem 0x3fbe4000-0x3fbe42f8]
Dec 07 13:04:48 xuan-laptop kernel: ACPI: Reserving FPDT table memory at [mem 0x3fb64000-0x3fb64043]
Dec 07 13:04:48 xuan-laptop kernel: No NUMA configuration found
Dec 07 13:04:48 xuan-laptop kernel: Faking a node at [mem 0x0000000000000000-0x00000004af7fffff]
Dec 07 13:04:48 xuan-laptop kernel: NODE_DATA(0) allocated [mem 0x4af7fb000-0x4af7fffff]
Dec 07 13:04:48 xuan-laptop kernel: Zone ranges:
Dec 07 13:04:48 xuan-laptop kernel:   DMA      [mem 0x0000000000001000-0x0000000000ffffff]
Dec 07 13:04:48 xuan-laptop kernel:   DMA32    [mem 0x0000000001000000-0x00000000ffffffff]
Dec 07 13:04:48 xuan-laptop kernel:   Normal   [mem 0x0000000100000000-0x00000004af7fffff]
Dec 07 13:04:48 xuan-laptop kernel:   Device   empty
Dec 07 13:04:48 xuan-laptop kernel: Movable zone start for each node
Dec 07 13:04:48 xuan-laptop kernel: Early memory node ranges
Dec 07 13:04:48 xuan-laptop kernel:   node   0: [mem 0x0000000000001000-0x000000000009efff]
Dec 07 13:04:48 xuan-laptop kernel:   node   0: [mem 0x0000000000100000-0x000000003c8a2fff]
Dec 07 13:04:48 xuan-laptop kernel:   node   0: [mem 0x000000003fbff000-0x000000003fbfffff]
Dec 07 13:04:48 xuan-laptop kernel:   node   0: [mem 0x0000000100000000-0x00000004af7fffff]
Dec 07 13:04:48 xuan-laptop kernel: Initmem setup node 0 [mem 0x0000000000001000-0x00000004af7fffff]
Dec 07 13:04:48 xuan-laptop kernel: On node 0, zone DMA: 1 pages in unavailable ranges
Dec 07 13:04:48 xuan-laptop kernel: On node 0, zone DMA: 97 pages in unavailable ranges
Dec 07 13:04:48 xuan-laptop kernel: On node 0, zone DMA32: 13148 pages in unavailable ranges
Dec 07 13:04:48 xuan-laptop kernel: On node 0, zone Normal: 1024 pages in unavailable ranges
Dec 07 13:04:48 xuan-laptop kernel: On node 0, zone Normal: 2048 pages in unavailable ranges
Dec 07 13:04:48 xuan-laptop kernel: Reserving Intel graphics memory at [mem 0x4c800000-0x507fffff]
Dec 07 13:04:48 xuan-laptop kernel: ACPI: PM-Timer IO Port: 0x1808
Dec 07 13:04:48 xuan-laptop kernel: ACPI: LAPIC_NMI (acpi_id[0x01] high edge lint[0x1])
Dec 07 13:04:48 xuan-laptop kernel: ACPI: LAPIC_NMI (acpi_id[0x02] high edge lint[0x1])
Dec 07 13:04:48 xuan-laptop kernel: ACPI: LAPIC_NMI (acpi_id[0x03] high edge lint[0x1])
Dec 07 13:04:48 xuan-laptop kernel: ACPI: LAPIC_NMI (acpi_id[0x04] high edge lint[0x1])
Dec 07 13:04:48 xuan-laptop kernel: ACPI: LAPIC_NMI (acpi_id[0x05] high edge lint[0x1])
Dec 07 13:04:48 xuan-laptop kernel: ACPI: LAPIC_NMI (acpi_id[0x06] high edge lint[0x1])
Dec 07 13:04:48 xuan-laptop kernel: ACPI: LAPIC_NMI (acpi_id[0x07] high edge lint[0x1])
Dec 07 13:04:48 xuan-laptop kernel: ACPI: LAPIC_NMI (acpi_id[0x08] high edge lint[0x1])
Dec 07 13:04:48 xuan-laptop kernel: ACPI: LAPIC_NMI (acpi_id[0x09] high edge lint[0x1])
Dec 07 13:04:48 xuan-laptop kernel: ACPI: LAPIC_NMI (acpi_id[0x0a] high edge lint[0x1])
Dec 07 13:04:48 xuan-laptop kernel: ACPI: LAPIC_NMI (acpi_id[0x0b] high edge lint[0x1])
Dec 07 13:04:48 xuan-laptop kernel: ACPI: LAPIC_NMI (acpi_id[0x0c] high edge lint[0x1])
Dec 07 13:04:48 xuan-laptop kernel: ACPI: LAPIC_NMI (acpi_id[0x0d] high edge lint[0x1])
Dec 07 13:04:48 xuan-laptop kernel: ACPI: LAPIC_NMI (acpi_id[0x0e] high edge lint[0x1])
Dec 07 13:04:48 xuan-laptop kernel: ACPI: LAPIC_NMI (acpi_id[0x0f] high edge lint[0x1])
Dec 07 13:04:48 xuan-laptop kernel: ACPI: LAPIC_NMI (acpi_id[0x10] high edge lint[0x1])
Dec 07 13:04:48 xuan-laptop kernel: IOAPIC[0]: apic_id 2, version 32, address 0xfec00000, GSI 0-119
Dec 07 13:04:48 xuan-laptop kernel: ACPI: INT_SRC_OVR (bus 0 bus_irq 0 global_irq 2 dfl dfl)
Dec 07 13:04:48 xuan-laptop kernel: ACPI: INT_SRC_OVR (bus 0 bus_irq 9 global_irq 9 high level)
Dec 07 13:04:48 xuan-laptop kernel: ACPI: Using ACPI (MADT) for SMP configuration information
Dec 07 13:04:48 xuan-laptop kernel: ACPI: HPET id: 0x8086a201 base: 0xfed00000
Dec 07 13:04:48 xuan-laptop kernel: e820: update [mem 0x2fa61000-0x2fafafff] usable ==> reserved
Dec 07 13:04:48 xuan-laptop kernel: TSC deadline timer available
Dec 07 13:04:48 xuan-laptop kernel: smpboot: Allowing 8 CPUs, 0 hotplug CPUs
Dec 07 13:04:48 xuan-laptop kernel: PM: hibernation: Registered nosave memory: [mem 0x00000000-0x00000fff]
Dec 07 13:04:48 xuan-laptop kernel: PM: hibernation: Registered nosave memory: [mem 0x0009f000-0x000fffff]
Dec 07 13:04:48 xuan-laptop kernel: PM: hibernation: Registered nosave memory: [mem 0x2fa61000-0x2fafafff]
Dec 07 13:04:48 xuan-laptop kernel: PM: hibernation: Registered nosave memory: [mem 0x3c8a3000-0x3fa90fff]
Dec 07 13:04:48 xuan-laptop kernel: PM: hibernation: Registered nosave memory: [mem 0x3fa91000-0x3fb32fff]
Dec 07 13:04:48 xuan-laptop kernel: PM: hibernation: Registered nosave memory: [mem 0x3fb33000-0x3fbfefff]
Dec 07 13:04:48 xuan-laptop kernel: PM: hibernation: Registered nosave memory: [mem 0x3fc00000-0x45ffffff]
Dec 07 13:04:48 xuan-laptop kernel: PM: hibernation: Registered nosave memory: [mem 0x46000000-0x46dfffff]
Dec 07 13:04:48 xuan-laptop kernel: PM: hibernation: Registered nosave memory: [mem 0x46e00000-0x46ffffff]
Dec 07 13:04:48 xuan-laptop kernel: PM: hibernation: Registered nosave memory: [mem 0x47000000-0x47ffffff]
Dec 07 13:04:48 xuan-laptop kernel: PM: hibernation: Registered nosave memory: [mem 0x48000000-0x507fffff]
Dec 07 13:04:48 xuan-laptop kernel: PM: hibernation: Registered nosave memory: [mem 0x50800000-0xfed1ffff]
Dec 07 13:04:48 xuan-laptop kernel: PM: hibernation: Registered nosave memory: [mem 0xfed20000-0xfed7ffff]
Dec 07 13:04:48 xuan-laptop kernel: PM: hibernation: Registered nosave memory: [mem 0xfed80000-0xffffffff]
Dec 07 13:04:48 xuan-laptop kernel: [mem 0x50800000-0xfed1ffff] available for PCI devices
Dec 07 13:04:48 xuan-laptop kernel: Booting paravirtualized kernel on bare hardware
Dec 07 13:04:48 xuan-laptop kernel: clocksource: refined-jiffies: mask: 0xffffffff max_cycles: 0xffffffff, max_idle_ns: 6370452778343963 ns
Dec 07 13:04:48 xuan-laptop kernel: setup_percpu: NR_CPUS:320 nr_cpumask_bits:8 nr_cpu_ids:8 nr_node_ids:1
Dec 07 13:04:48 xuan-laptop kernel: percpu: Embedded 64 pages/cpu s225280 r8192 d28672 u262144
Dec 07 13:04:48 xuan-laptop kernel: pcpu-alloc: s225280 r8192 d28672 u262144 alloc=1*2097152
Dec 07 13:04:48 xuan-laptop kernel: pcpu-alloc: [0] 0 1 2 3 4 5 6 7 
Dec 07 13:04:48 xuan-laptop kernel: Kernel command line: BOOT_IMAGE=/vmlinuz-linux root=UUID=d92d756a-074f-453f-aa66-5220fc8a106b rw loglevel=3 quiet
Dec 07 13:04:48 xuan-laptop kernel: Unknown kernel command line parameters "BOOT_IMAGE=/vmlinuz-linux", will be passed to user space.
Dec 07 13:04:48 xuan-laptop kernel: Dentry cache hash table entries: 2097152 (order: 12, 16777216 bytes, linear)
Dec 07 13:04:48 xuan-laptop kernel: Inode-cache hash table entries: 1048576 (order: 11, 8388608 bytes, linear)
Dec 07 13:04:48 xuan-laptop kernel: Fallback order for Node 0: 0 
Dec 07 13:04:48 xuan-laptop kernel: Built 1 zonelists, mobility grouping on.  Total pages: 4048033
Dec 07 13:04:48 xuan-laptop kernel: Policy zone: Normal
Dec 07 13:04:48 xuan-laptop kernel: mem auto-init: stack:all(zero), heap alloc:on, heap free:off
Dec 07 13:04:48 xuan-laptop kernel: software IO TLB: area num 8.
Dec 07 13:04:48 xuan-laptop kernel: Memory: 15797648K/16449800K available (16384K kernel code, 2132K rwdata, 13068K rodata, 3412K init, 3840K bss, 651896K reserved, 0K cma-reserved)
Dec 07 13:04:48 xuan-laptop kernel: SLUB: HWalign=64, Order=0-3, MinObjects=0, CPUs=8, Nodes=1
Dec 07 13:04:48 xuan-laptop kernel: ftrace: allocating 48801 entries in 191 pages
Dec 07 13:04:48 xuan-laptop kernel: ftrace: allocated 191 pages with 7 groups
Dec 07 13:04:48 xuan-laptop kernel: Dynamic Preempt: full
Dec 07 13:04:48 xuan-laptop kernel: rcu: Preemptible hierarchical RCU implementation.
Dec 07 13:04:48 xuan-laptop kernel: rcu:         RCU restricting CPUs from NR_CPUS=320 to nr_cpu_ids=8.
Dec 07 13:04:48 xuan-laptop kernel: rcu:         RCU priority boosting: priority 1 delay 500 ms.
Dec 07 13:04:48 xuan-laptop kernel:         Trampoline variant of Tasks RCU enabled.
Dec 07 13:04:48 xuan-laptop kernel:         Rude variant of Tasks RCU enabled.
Dec 07 13:04:48 xuan-laptop kernel:         Tracing variant of Tasks RCU enabled.
Dec 07 13:04:48 xuan-laptop kernel: rcu: RCU calculated value of scheduler-enlistment delay is 30 jiffies.
Dec 07 13:04:48 xuan-laptop kernel: rcu: Adjusting geometry for rcu_fanout_leaf=16, nr_cpu_ids=8
Dec 07 13:04:48 xuan-laptop kernel: NR_IRQS: 20736, nr_irqs: 2048, preallocated irqs: 16
Dec 07 13:04:48 xuan-laptop kernel: rcu: srcu_init: Setting srcu_struct sizes based on contention.
Dec 07 13:04:48 xuan-laptop kernel: kfence: initialized - using 2097152 bytes for 255 objects at 0x(____ptrval____)-0x(____ptrval____)
Dec 07 13:04:48 xuan-laptop kernel: Console: colour dummy device 80x25
Dec 07 13:04:48 xuan-laptop kernel: printk: console [tty0] enabled
Dec 07 13:04:48 xuan-laptop kernel: ACPI: Core revision 20230628
Dec 07 13:04:48 xuan-laptop kernel: hpet: HPET dysfunctional in PC10. Force disabled.
Dec 07 13:04:48 xuan-laptop kernel: APIC: Switch to symmetric I/O mode setup
Dec 07 13:04:48 xuan-laptop kernel: DMAR: Host address width 39
Dec 07 13:04:48 xuan-laptop kernel: DMAR: DRHD base: 0x000000fed90000 flags: 0x0
Dec 07 13:04:48 xuan-laptop kernel: DMAR: dmar0: reg_base_addr fed90000 ver 4:0 cap 1c0000c40660462 ecap 29a00f0505e
Dec 07 13:04:48 xuan-laptop kernel: DMAR: DRHD base: 0x000000fed91000 flags: 0x1
Dec 07 13:04:48 xuan-laptop kernel: DMAR: dmar1: reg_base_addr fed91000 ver 1:0 cap d2008c40660462 ecap f050da
Dec 07 13:04:48 xuan-laptop kernel: DMAR: RMRR base: 0x0000004c000000 end: 0x000000507fffff
Dec 07 13:04:48 xuan-laptop kernel: DMAR-IR: IOAPIC id 2 under DRHD base  0xfed91000 IOMMU 1
Dec 07 13:04:48 xuan-laptop kernel: DMAR-IR: HPET id 0 under DRHD base 0xfed91000
Dec 07 13:04:48 xuan-laptop kernel: DMAR-IR: Queued invalidation will be enabled to support x2apic and Intr-remapping.
Dec 07 13:04:48 xuan-laptop kernel: DMAR-IR: Enabled IRQ remapping in x2apic mode
Dec 07 13:04:48 xuan-laptop kernel: x2apic enabled
Dec 07 13:04:48 xuan-laptop kernel: APIC: Switched APIC routing to: cluster x2apic
Dec 07 13:04:48 xuan-laptop kernel: clocksource: tsc-early: mask: 0xffffffffffffffff max_cycles: 0x22df1149949, max_idle_ns: 440795312789 ns
Dec 07 13:04:48 xuan-laptop kernel: Calibrating delay loop (skipped), value calculated using timer frequency.. 4840.00 BogoMIPS (lpj=8064000)
Dec 07 13:04:48 xuan-laptop kernel: CPU0: Thermal monitoring enabled (TM1)
Dec 07 13:04:48 xuan-laptop kernel: x86/cpu: User Mode Instruction Prevention (UMIP) activated
Dec 07 13:04:48 xuan-laptop kernel: process: using mwait in idle threads
Dec 07 13:04:48 xuan-laptop kernel: CET detected: Indirect Branch Tracking enabled
Dec 07 13:04:48 xuan-laptop kernel: Last level iTLB entries: 4KB 0, 2MB 0, 4MB 0
Dec 07 13:04:48 xuan-laptop kernel: Last level dTLB entries: 4KB 0, 2MB 0, 4MB 0, 1GB 0
Dec 07 13:04:48 xuan-laptop kernel: Spectre V1 : Mitigation: usercopy/swapgs barriers and __user pointer sanitization
Dec 07 13:04:48 xuan-laptop kernel: Spectre V2 : Mitigation: Enhanced / Automatic IBRS
Dec 07 13:04:48 xuan-laptop kernel: Spectre V2 : Spectre v2 / SpectreRSB mitigation: Filling RSB on context switch
Dec 07 13:04:48 xuan-laptop kernel: Spectre V2 : Spectre v2 / PBRSB-eIBRS: Retire a single CALL on VMEXIT
Dec 07 13:04:48 xuan-laptop kernel: Spectre V2 : mitigation: Enabling conditional Indirect Branch Prediction Barrier
Dec 07 13:04:48 xuan-laptop kernel: Speculative Store Bypass: Mitigation: Speculative Store Bypass disabled via prctl
Dec 07 13:04:48 xuan-laptop kernel: GDS: Mitigation: Microcode
Dec 07 13:04:48 xuan-laptop kernel: x86/fpu: Supporting XSAVE feature 0x001: 'x87 floating point registers'
Dec 07 13:04:48 xuan-laptop kernel: x86/fpu: Supporting XSAVE feature 0x002: 'SSE registers'
Dec 07 13:04:48 xuan-laptop kernel: x86/fpu: Supporting XSAVE feature 0x004: 'AVX registers'
Dec 07 13:04:48 xuan-laptop kernel: x86/fpu: Supporting XSAVE feature 0x020: 'AVX-512 opmask'
Dec 07 13:04:48 xuan-laptop kernel: x86/fpu: Supporting XSAVE feature 0x040: 'AVX-512 Hi256'
Dec 07 13:04:48 xuan-laptop kernel: x86/fpu: Supporting XSAVE feature 0x080: 'AVX-512 ZMM_Hi256'
Dec 07 13:04:48 xuan-laptop kernel: x86/fpu: Supporting XSAVE feature 0x200: 'Protection Keys User registers'
Dec 07 13:04:48 xuan-laptop kernel: x86/fpu: Supporting XSAVE feature 0x800: 'Control-flow User registers'
Dec 07 13:04:48 xuan-laptop kernel: x86/fpu: xstate_offset[2]:  576, xstate_sizes[2]:  256
Dec 07 13:04:48 xuan-laptop kernel: x86/fpu: xstate_offset[5]:  832, xstate_sizes[5]:   64
Dec 07 13:04:48 xuan-laptop kernel: x86/fpu: xstate_offset[6]:  896, xstate_sizes[6]:  512
Dec 07 13:04:48 xuan-laptop kernel: x86/fpu: xstate_offset[7]: 1408, xstate_sizes[7]: 1024
Dec 07 13:04:48 xuan-laptop kernel: x86/fpu: xstate_offset[9]: 2432, xstate_sizes[9]:    8
Dec 07 13:04:48 xuan-laptop kernel: x86/fpu: xstate_offset[11]: 2440, xstate_sizes[11]:   16
Dec 07 13:04:48 xuan-laptop kernel: x86/fpu: Enabled xstate features 0xae7, context size is 2456 bytes, using 'compacted' format.
Dec 07 13:04:48 xuan-laptop kernel: Freeing SMP alternatives memory: 40K
Dec 07 13:04:48 xuan-laptop kernel: pid_max: default: 32768 minimum: 301
Dec 07 13:04:48 xuan-laptop kernel: LSM: initializing lsm=capability,landlock,lockdown,yama,bpf,integrity
Dec 07 13:04:48 xuan-laptop kernel: landlock: Up and running.
Dec 07 13:04:48 xuan-laptop kernel: Yama: becoming mindful.
Dec 07 13:04:48 xuan-laptop kernel: LSM support for eBPF active
Dec 07 13:04:48 xuan-laptop kernel: Mount-cache hash table entries: 32768 (order: 6, 262144 bytes, linear)
Dec 07 13:04:48 xuan-laptop kernel: Mountpoint-cache hash table entries: 32768 (order: 6, 262144 bytes, linear)
Dec 07 13:04:48 xuan-laptop kernel: smpboot: CPU0: 11th Gen Intel(R) Core(TM) i5-1135G7 @ 2.40GHz (family: 0x6, model: 0x8c, stepping: 0x1)
Dec 07 13:04:48 xuan-laptop kernel: RCU Tasks: Setting shift to 3 and lim to 1 rcu_task_cb_adjust=1.
Dec 07 13:04:48 xuan-laptop kernel: RCU Tasks Rude: Setting shift to 3 and lim to 1 rcu_task_cb_adjust=1.
Dec 07 13:04:48 xuan-laptop kernel: RCU Tasks Trace: Setting shift to 3 and lim to 1 rcu_task_cb_adjust=1.
Dec 07 13:04:48 xuan-laptop kernel: Performance Events: PEBS fmt4+-baseline,  AnyThread deprecated, Icelake events, 32-deep LBR, full-width counters, Intel PMU driver.
Dec 07 13:04:48 xuan-laptop kernel: ... version:                5
Dec 07 13:04:48 xuan-laptop kernel: ... bit width:              48
Dec 07 13:04:48 xuan-laptop kernel: ... generic registers:      8
Dec 07 13:04:48 xuan-laptop kernel: ... value mask:             0000ffffffffffff
Dec 07 13:04:48 xuan-laptop kernel: ... max period:             00007fffffffffff
Dec 07 13:04:48 xuan-laptop kernel: ... fixed-purpose events:   4
Dec 07 13:04:48 xuan-laptop kernel: ... event mask:             0001000f000000ff
Dec 07 13:04:48 xuan-laptop kernel: signal: max sigframe size: 3632
Dec 07 13:04:48 xuan-laptop kernel: Estimated ratio of average max frequency by base frequency (times 1024): 1621
Dec 07 13:04:48 xuan-laptop kernel: rcu: Hierarchical SRCU implementation.
Dec 07 13:04:48 xuan-laptop kernel: rcu:         Max phase no-delay instances is 1000.
Dec 07 13:04:48 xuan-laptop kernel: NMI watchdog: Enabled. Permanently consumes one hw-PMU counter.
Dec 07 13:04:48 xuan-laptop kernel: smp: Bringing up secondary CPUs ...
Dec 07 13:04:48 xuan-laptop kernel: smpboot: x86: Booting SMP configuration:
Dec 07 13:04:48 xuan-laptop kernel: .... node  #0, CPUs:      #1 #2 #3 #4 #5 #6 #7
Dec 07 13:04:48 xuan-laptop kernel: smp: Brought up 1 node, 8 CPUs
Dec 07 13:04:48 xuan-laptop kernel: smpboot: Max logical packages: 1
Dec 07 13:04:48 xuan-laptop kernel: smpboot: Total of 8 processors activated (38722.00 BogoMIPS)
Dec 07 13:04:48 xuan-laptop kernel: devtmpfs: initialized
Dec 07 13:04:48 xuan-laptop kernel: x86/mm: Memory block size: 128MB
Dec 07 13:04:48 xuan-laptop kernel: ACPI: PM: Registering ACPI NVS region [mem 0x3fa91000-0x3fb32fff] (663552 bytes)
Dec 07 13:04:48 xuan-laptop kernel: clocksource: jiffies: mask: 0xffffffff max_cycles: 0xffffffff, max_idle_ns: 6370867519511994 ns
Dec 07 13:04:48 xuan-laptop kernel: futex hash table entries: 2048 (order: 5, 131072 bytes, linear)
Dec 07 13:04:48 xuan-laptop kernel: pinctrl core: initialized pinctrl subsystem
Dec 07 13:04:48 xuan-laptop kernel: PM: RTC time: 05:04:44, date: 2023-12-07
Dec 07 13:04:48 xuan-laptop kernel: NET: Registered PF_NETLINK/PF_ROUTE protocol family
Dec 07 13:04:48 xuan-laptop kernel: DMA: preallocated 2048 KiB GFP_KERNEL pool for atomic allocations
Dec 07 13:04:48 xuan-laptop kernel: DMA: preallocated 2048 KiB GFP_KERNEL|GFP_DMA pool for atomic allocations
Dec 07 13:04:48 xuan-laptop kernel: DMA: preallocated 2048 KiB GFP_KERNEL|GFP_DMA32 pool for atomic allocations
Dec 07 13:04:48 xuan-laptop kernel: audit: initializing netlink subsys (disabled)
Dec 07 13:04:48 xuan-laptop kernel: audit: type=2000 audit(1701925484.009:1): state=initialized audit_enabled=0 res=1
Dec 07 13:04:48 xuan-laptop kernel: thermal_sys: Registered thermal governor 'fair_share'
Dec 07 13:04:48 xuan-laptop kernel: thermal_sys: Registered thermal governor 'bang_bang'
Dec 07 13:04:48 xuan-laptop kernel: thermal_sys: Registered thermal governor 'step_wise'
Dec 07 13:04:48 xuan-laptop kernel: thermal_sys: Registered thermal governor 'user_space'
Dec 07 13:04:48 xuan-laptop kernel: thermal_sys: Registered thermal governor 'power_allocator'
Dec 07 13:04:48 xuan-laptop kernel: cpuidle: using governor ladder
Dec 07 13:04:48 xuan-laptop kernel: cpuidle: using governor menu
Dec 07 13:04:48 xuan-laptop kernel: acpiphp: ACPI Hot Plug PCI Controller Driver version: 0.5
Dec 07 13:04:48 xuan-laptop kernel: PCI: MMCONFIG for domain 0000 [bus 00-04] at [mem 0xc0000000-0xc04fffff] (base 0xc0000000)
Dec 07 13:04:48 xuan-laptop kernel: PCI: not using MMCONFIG
Dec 07 13:04:48 xuan-laptop kernel: PCI: Using configuration type 1 for base access
Dec 07 13:04:48 xuan-laptop kernel: ENERGY_PERF_BIAS: Set to 'normal', was 'performance'
Dec 07 13:04:48 xuan-laptop kernel: kprobes: kprobe jump-optimization is enabled. All kprobes are optimized if possible.
Dec 07 13:04:48 xuan-laptop kernel: HugeTLB: registered 1.00 GiB page size, pre-allocated 0 pages
Dec 07 13:04:48 xuan-laptop kernel: HugeTLB: 16380 KiB vmemmap can be freed for a 1.00 GiB page
Dec 07 13:04:48 xuan-laptop kernel: HugeTLB: registered 2.00 MiB page size, pre-allocated 0 pages
Dec 07 13:04:48 xuan-laptop kernel: HugeTLB: 28 KiB vmemmap can be freed for a 2.00 MiB page
Dec 07 13:04:48 xuan-laptop kernel: ACPI: Added _OSI(Module Device)
Dec 07 13:04:48 xuan-laptop kernel: ACPI: Added _OSI(Processor Device)
Dec 07 13:04:48 xuan-laptop kernel: ACPI: Added _OSI(3.0 _SCP Extensions)
Dec 07 13:04:48 xuan-laptop kernel: ACPI: Added _OSI(Processor Aggregator Device)
Dec 07 13:04:48 xuan-laptop kernel: ACPI: 23 ACPI AML tables successfully acquired and loaded
Dec 07 13:04:48 xuan-laptop kernel: ACPI: [Firmware Bug]: BIOS _OSI(Linux) query ignored
Dec 07 13:04:48 xuan-laptop kernel: ACPI: Dynamic OEM Table Load:
Dec 07 13:04:48 xuan-laptop kernel: ACPI: SSDT 0xFFFF888100F9D000 000386 (v02 PmRef  Cpu0Cst  00003001 INTL 20160527)
Dec 07 13:04:48 xuan-laptop kernel: ACPI: Dynamic OEM Table Load:
Dec 07 13:04:48 xuan-laptop kernel: ACPI: SSDT 0xFFFF888100F8E000 0005C3 (v02 PmRef  Cpu0Ist  00003000 INTL 20160527)
Dec 07 13:04:48 xuan-laptop kernel: ACPI: Dynamic OEM Table Load:
Dec 07 13:04:48 xuan-laptop kernel: ACPI: SSDT 0xFFFF888101A15C00 0001C6 (v02 PmRef  Cpu0Psd  00003000 INTL 20160527)
Dec 07 13:04:48 xuan-laptop kernel: ACPI: Dynamic OEM Table Load:
Dec 07 13:04:48 xuan-laptop kernel: ACPI: SSDT 0xFFFF888100F98800 000316 (v02 PmRef  Cpu0Hwp  00003000 INTL 20160527)
Dec 07 13:04:48 xuan-laptop kernel: ACPI: Dynamic OEM Table Load:
Dec 07 13:04:48 xuan-laptop kernel: ACPI: SSDT 0xFFFF888100F97000 0008E7 (v02 PmRef  ApIst    00003000 INTL 20160527)
Dec 07 13:04:48 xuan-laptop kernel: ACPI: Dynamic OEM Table Load:
Dec 07 13:04:48 xuan-laptop kernel: ACPI: SSDT 0xFFFF888100F89800 00048A (v02 PmRef  ApHwp    00003000 INTL 20160527)
Dec 07 13:04:48 xuan-laptop kernel: ACPI: Dynamic OEM Table Load:
Dec 07 13:04:48 xuan-laptop kernel: ACPI: SSDT 0xFFFF888100F8A800 0004D4 (v02 PmRef  ApPsd    00003000 INTL 20160527)
Dec 07 13:04:48 xuan-laptop kernel: ACPI: Dynamic OEM Table Load:
Dec 07 13:04:48 xuan-laptop kernel: ACPI: SSDT 0xFFFF888100F88000 00048A (v02 PmRef  ApCst    00003000 INTL 20160527)
Dec 07 13:04:48 xuan-laptop kernel: ACPI: _OSC evaluated successfully for all CPUs
Dec 07 13:04:48 xuan-laptop kernel: ACPI: EC: EC started
Dec 07 13:04:48 xuan-laptop kernel: ACPI: EC: interrupt blocked
Dec 07 13:04:48 xuan-laptop kernel: ACPI: EC: EC_CMD/EC_SC=0x66, EC_DATA=0x62
Dec 07 13:04:48 xuan-laptop kernel: ACPI: \_SB_.PC00.LPCB.EC0_: Boot DSDT EC used to handle transactions
Dec 07 13:04:48 xuan-laptop kernel: ACPI: Interpreter enabled
Dec 07 13:04:48 xuan-laptop kernel: ACPI: PM: (supports S0 S3 S4 S5)
Dec 07 13:04:48 xuan-laptop kernel: ACPI: Using IOAPIC for interrupt routing
Dec 07 13:04:48 xuan-laptop kernel: PCI: MMCONFIG for domain 0000 [bus 00-04] at [mem 0xc0000000-0xc04fffff] (base 0xc0000000)
Dec 07 13:04:48 xuan-laptop kernel: PCI: MMCONFIG at [mem 0xc0000000-0xc04fffff] reserved as ACPI motherboard resource
Dec 07 13:04:48 xuan-laptop kernel: PCI: Using host bridge windows from ACPI; if necessary, use "pci=nocrs" and report a bug
Dec 07 13:04:48 xuan-laptop kernel: PCI: Ignoring E820 reservations for host bridge windows
Dec 07 13:04:48 xuan-laptop kernel: ACPI: Enabled 8 GPEs in block 00 to 7F
Dec 07 13:04:48 xuan-laptop kernel: ACPI: \_SB_.PC00.PEG0.PG00: New power resource
Dec 07 13:04:48 xuan-laptop kernel: ACPI: \_SB_.PC00.PEG1.PG01: New power resource
Dec 07 13:04:48 xuan-laptop kernel: ACPI: \_SB_.PC00.PEG2.PG02: New power resource
Dec 07 13:04:48 xuan-laptop kernel: ACPI: \_SB_.PC00.XHCI.RHUB.HS10.BTPR: New power resource
Dec 07 13:04:48 xuan-laptop kernel: ACPI: \_SB_.PC00.SAT0.VOL0.V0PR: New power resource
Dec 07 13:04:48 xuan-laptop kernel: ACPI: \_SB_.PC00.SAT0.VOL1.V1PR: New power resource
Dec 07 13:04:48 xuan-laptop kernel: ACPI: \_SB_.PC00.SAT0.VOL2.V2PR: New power resource
Dec 07 13:04:48 xuan-laptop kernel: ACPI: \_SB_.PC00.CNVW.WRST: New power resource
Dec 07 13:04:48 xuan-laptop kernel: ACPI: \_SB_.PC00.VMD0.VOL0.V0PR: New power resource
Dec 07 13:04:48 xuan-laptop kernel: ACPI: \_SB_.PC00.VMD0.VOL1.V1PR: New power resource
Dec 07 13:04:48 xuan-laptop kernel: ACPI: \_SB_.PC00.VMD0.VOL2.V2PR: New power resource
Dec 07 13:04:48 xuan-laptop kernel: ACPI: \_SB_.PC00.VMD0.VOL3.V3PR: New power resource
Dec 07 13:04:48 xuan-laptop kernel: ACPI: \_SB_.PC00.TBT0: New power resource
Dec 07 13:04:48 xuan-laptop kernel: ACPI: \_SB_.PC00.TBT1: New power resource
Dec 07 13:04:48 xuan-laptop kernel: ACPI: \PIN_: New power resource
Dec 07 13:04:48 xuan-laptop kernel: ACPI: PCI Root Bridge [PC00] (domain 0000 [bus 00-04])
Dec 07 13:04:48 xuan-laptop kernel: acpi PNP0A08:00: _OSC: OS supports [ExtendedConfig ASPM ClockPM Segments MSI EDR HPX-Type3]
Dec 07 13:04:48 xuan-laptop kernel: acpi PNP0A08:00: _OSC: platform does not support [AER]
Dec 07 13:04:48 xuan-laptop kernel: acpi PNP0A08:00: _OSC: OS now controls [PCIeHotplug SHPCHotplug PME PCIeCapability LTR DPC]
Dec 07 13:04:48 xuan-laptop kernel: PCI host bridge to bus 0000:00
Dec 07 13:04:48 xuan-laptop kernel: pci_bus 0000:00: root bus resource [io  0x0000-0x0cf7 window]
Dec 07 13:04:48 xuan-laptop kernel: pci_bus 0000:00: root bus resource [io  0x0d00-0xffff window]
Dec 07 13:04:48 xuan-laptop kernel: pci_bus 0000:00: root bus resource [mem 0x000a0000-0x000bffff window]
Dec 07 13:04:48 xuan-laptop kernel: pci_bus 0000:00: root bus resource [mem 0x50800000-0xbfffffff window]
Dec 07 13:04:48 xuan-laptop kernel: pci_bus 0000:00: root bus resource [mem 0x4000000000-0x7fffffffff window]
Dec 07 13:04:48 xuan-laptop kernel: pci_bus 0000:00: root bus resource [bus 00-04]
Dec 07 13:04:48 xuan-laptop kernel: pci 0000:00:00.0: [8086:9a14] type 00 class 0x060000
Dec 07 13:04:48 xuan-laptop kernel: pci 0000:00:02.0: [8086:9a49] type 00 class 0x030000
Dec 07 13:04:48 xuan-laptop kernel: pci 0000:00:02.0: reg 0x10: [mem 0x6014000000-0x6014ffffff 64bit]
Dec 07 13:04:48 xuan-laptop kernel: pci 0000:00:02.0: reg 0x18: [mem 0x4000000000-0x400fffffff 64bit pref]
Dec 07 13:04:48 xuan-laptop kernel: pci 0000:00:02.0: reg 0x20: [io  0x5000-0x503f]
Dec 07 13:04:48 xuan-laptop kernel: pci 0000:00:02.0: BAR 2: assigned to efifb
Dec 07 13:04:48 xuan-laptop kernel: pci 0000:00:02.0: DMAR: Skip IOMMU disabling for graphics
Dec 07 13:04:48 xuan-laptop kernel: pci 0000:00:02.0: Video device with shadowed ROM at [mem 0x000c0000-0x000dffff]
Dec 07 13:04:48 xuan-laptop kernel: pci 0000:00:02.0: reg 0x344: [mem 0x00000000-0x00ffffff 64bit]
Dec 07 13:04:48 xuan-laptop kernel: pci 0000:00:02.0: VF(n) BAR0 space: [mem 0x00000000-0x06ffffff 64bit] (contains BAR0 for 7 VFs)
Dec 07 13:04:48 xuan-laptop kernel: pci 0000:00:02.0: reg 0x34c: [mem 0x00000000-0x1fffffff 64bit pref]
Dec 07 13:04:48 xuan-laptop kernel: pci 0000:00:02.0: VF(n) BAR2 space: [mem 0x00000000-0xdfffffff 64bit pref] (contains BAR2 for 7 VFs)
Dec 07 13:04:48 xuan-laptop kernel: pci 0000:00:04.0: [8086:9a03] type 00 class 0x118000
Dec 07 13:04:48 xuan-laptop kernel: pci 0000:00:04.0: reg 0x10: [mem 0x6015200000-0x601521ffff 64bit]
Dec 07 13:04:48 xuan-laptop kernel: pci 0000:00:06.0: [8086:9a09] type 01 class 0x060400
Dec 07 13:04:48 xuan-laptop kernel: pci 0000:00:06.0: PME# supported from D0 D3hot D3cold
Dec 07 13:04:48 xuan-laptop kernel: pci 0000:00:06.0: PTM enabled (root), 4ns granularity
Dec 07 13:04:48 xuan-laptop kernel: pci 0000:00:0a.0: [8086:9a0d] type 00 class 0x118000
Dec 07 13:04:48 xuan-laptop kernel: pci 0000:00:0a.0: reg 0x10: [mem 0x6015240000-0x6015247fff 64bit]
Dec 07 13:04:48 xuan-laptop kernel: pci 0000:00:0a.0: enabling Extended Tags
Dec 07 13:04:48 xuan-laptop kernel: pci 0000:00:0d.0: [8086:9a13] type 00 class 0x0c0330
Dec 07 13:04:48 xuan-laptop kernel: pci 0000:00:0d.0: reg 0x10: [mem 0x6015230000-0x601523ffff 64bit]
Dec 07 13:04:48 xuan-laptop kernel: pci 0000:00:0d.0: PME# supported from D3hot D3cold
Dec 07 13:04:48 xuan-laptop kernel: pci 0000:00:0e.0: [8086:9a0b] type 00 class 0x010400
Dec 07 13:04:48 xuan-laptop kernel: pci 0000:00:0e.0: reg 0x10: [mem 0x6012000000-0x6013ffffff 64bit pref]
Dec 07 13:04:48 xuan-laptop kernel: pci 0000:00:0e.0: reg 0x18: [mem 0x52000000-0x53ffffff]
Dec 07 13:04:48 xuan-laptop kernel: pci 0000:00:0e.0: reg 0x20: [mem 0x6015100000-0x60151fffff 64bit]
Dec 07 13:04:48 xuan-laptop kernel: pci 0000:00:14.0: [8086:a0ed] type 00 class 0x0c0330
Dec 07 13:04:48 xuan-laptop kernel: pci 0000:00:14.0: reg 0x10: [mem 0x6015220000-0x601522ffff 64bit]
Dec 07 13:04:48 xuan-laptop kernel: pci 0000:00:14.0: PME# supported from D3hot D3cold
Dec 07 13:04:48 xuan-laptop kernel: pci 0000:00:14.2: [8086:a0ef] type 00 class 0x050000
Dec 07 13:04:48 xuan-laptop kernel: pci 0000:00:14.2: reg 0x10: [mem 0x6015250000-0x6015253fff 64bit]
Dec 07 13:04:48 xuan-laptop kernel: pci 0000:00:14.2: reg 0x18: [mem 0x6015257000-0x6015257fff 64bit]
Dec 07 13:04:48 xuan-laptop kernel: pci 0000:00:14.3: [8086:a0f0] type 00 class 0x028000
Dec 07 13:04:48 xuan-laptop kernel: pci 0000:00:14.3: reg 0x10: [mem 0x601524c000-0x601524ffff 64bit]
Dec 07 13:04:48 xuan-laptop kernel: pci 0000:00:14.3: PME# supported from D0 D3hot D3cold
Dec 07 13:04:48 xuan-laptop kernel: pci 0000:00:15.0: [8086:a0e8] type 00 class 0x0c8000
Dec 07 13:04:48 xuan-laptop kernel: pci 0000:00:15.0: reg 0x10: [mem 0x00000000-0x00000fff 64bit]
Dec 07 13:04:48 xuan-laptop kernel: pci 0000:00:16.0: [8086:a0e0] type 00 class 0x078000
Dec 07 13:04:48 xuan-laptop kernel: pci 0000:00:16.0: reg 0x10: [mem 0x6015255000-0x6015255fff 64bit]
Dec 07 13:04:48 xuan-laptop kernel: pci 0000:00:16.0: PME# supported from D3hot
Dec 07 13:04:48 xuan-laptop kernel: pci 0000:00:1c.0: [8086:a0bd] type 01 class 0x060400
Dec 07 13:04:48 xuan-laptop kernel: pci 0000:00:1c.0: PME# supported from D0 D3hot D3cold
Dec 07 13:04:48 xuan-laptop kernel: pci 0000:00:1c.0: PTM enabled (root), 4ns granularity
Dec 07 13:04:48 xuan-laptop kernel: pci 0000:00:1c.7: [8086:a0bf] type 01 class 0x060400
Dec 07 13:04:48 xuan-laptop kernel: pci 0000:00:1c.7: PME# supported from D0 D3hot D3cold
Dec 07 13:04:48 xuan-laptop kernel: pci 0000:00:1c.7: PTM enabled (root), 4ns granularity
Dec 07 13:04:48 xuan-laptop kernel: pci 0000:00:1d.0: [8086:a0b0] type 01 class 0x060400
Dec 07 13:04:48 xuan-laptop kernel: pci 0000:00:1d.0: PME# supported from D0 D3hot D3cold
Dec 07 13:04:48 xuan-laptop kernel: pci 0000:00:1d.0: PTM enabled (root), 4ns granularity
Dec 07 13:04:48 xuan-laptop kernel: pci 0000:00:1f.0: [8086:a082] type 00 class 0x060100
Dec 07 13:04:48 xuan-laptop kernel: pci 0000:00:1f.3: [8086:a0c8] type 00 class 0x040100
Dec 07 13:04:48 xuan-laptop kernel: pci 0000:00:1f.3: reg 0x10: [mem 0x6015248000-0x601524bfff 64bit]
Dec 07 13:04:48 xuan-laptop kernel: pci 0000:00:1f.3: reg 0x20: [mem 0x6015000000-0x60150fffff 64bit]
Dec 07 13:04:48 xuan-laptop kernel: pci 0000:00:1f.3: PME# supported from D3hot D3cold
Dec 07 13:04:48 xuan-laptop kernel: pci 0000:00:1f.4: [8086:a0a3] type 00 class 0x0c0500
Dec 07 13:04:48 xuan-laptop kernel: pci 0000:00:1f.4: reg 0x10: [mem 0x6015254000-0x60152540ff 64bit]
Dec 07 13:04:48 xuan-laptop kernel: pci 0000:00:1f.4: reg 0x20: [io  0xefa0-0xefbf]
Dec 07 13:04:48 xuan-laptop kernel: pci 0000:00:1f.5: [8086:a0a4] type 00 class 0x0c8000
Dec 07 13:04:48 xuan-laptop kernel: pci 0000:00:1f.5: reg 0x10: [mem 0xfe010000-0xfe010fff]
Dec 07 13:04:48 xuan-laptop kernel: pci 0000:01:00.0: [10de:1f97] type 00 class 0x030200
Dec 07 13:04:48 xuan-laptop kernel: pci 0000:01:00.0: reg 0x10: [mem 0x54000000-0x54ffffff]
Dec 07 13:04:48 xuan-laptop kernel: pci 0000:01:00.0: reg 0x14: [mem 0x6000000000-0x600fffffff 64bit pref]
Dec 07 13:04:48 xuan-laptop kernel: pci 0000:01:00.0: reg 0x1c: [mem 0x6010000000-0x6011ffffff 64bit pref]
Dec 07 13:04:48 xuan-laptop kernel: pci 0000:01:00.0: reg 0x24: [io  0x4000-0x407f]
Dec 07 13:04:48 xuan-laptop kernel: pci 0000:01:00.0: reg 0x30: [mem 0xfff80000-0xffffffff pref]
Dec 07 13:04:48 xuan-laptop kernel: pci 0000:01:00.0: PME# supported from D0 D3hot D3cold
Dec 07 13:04:48 xuan-laptop kernel: pci 0000:01:00.0: 63.012 Gb/s available PCIe bandwidth, limited by 16.0 GT/s PCIe x4 link at 0000:00:06.0 (capable of 252.048 Gb/s with 16.0 GT/s PCIe x16 link)
Dec 07 13:04:48 xuan-laptop kernel: pci 0000:00:06.0: PCI bridge to [bus 01]
Dec 07 13:04:48 xuan-laptop kernel: pci 0000:00:06.0:   bridge window [io  0x4000-0x4fff]
Dec 07 13:04:48 xuan-laptop kernel: pci 0000:00:06.0:   bridge window [mem 0x54000000-0x54ffffff]
Dec 07 13:04:48 xuan-laptop kernel: pci 0000:00:06.0:   bridge window [mem 0x6000000000-0x6011ffffff 64bit pref]
Dec 07 13:04:48 xuan-laptop kernel: pci 0000:02:00.0: [10ec:522a] type 00 class 0xff0000
Dec 07 13:04:48 xuan-laptop kernel: pci 0000:02:00.0: reg 0x10: [mem 0x55200000-0x55200fff]
Dec 07 13:04:48 xuan-laptop kernel: pci 0000:02:00.0: supports D1 D2
Dec 07 13:04:48 xuan-laptop kernel: pci 0000:02:00.0: PME# supported from D1 D2 D3hot D3cold
Dec 07 13:04:48 xuan-laptop kernel: pci 0000:00:1c.0: PCI bridge to [bus 02]
Dec 07 13:04:48 xuan-laptop kernel: pci 0000:00:1c.0:   bridge window [mem 0x55200000-0x552fffff]
Dec 07 13:04:48 xuan-laptop kernel: pci 0000:03:00.0: [10ec:8168] type 00 class 0x020000
Dec 07 13:04:48 xuan-laptop kernel: pci 0000:03:00.0: reg 0x10: [io  0x3000-0x30ff]
Dec 07 13:04:48 xuan-laptop kernel: pci 0000:03:00.0: reg 0x18: [mem 0x55104000-0x55104fff 64bit]
Dec 07 13:04:48 xuan-laptop kernel: pci 0000:03:00.0: reg 0x20: [mem 0x55100000-0x55103fff 64bit]
Dec 07 13:04:48 xuan-laptop kernel: pci 0000:03:00.0: supports D1 D2
Dec 07 13:04:48 xuan-laptop kernel: pci 0000:03:00.0: PME# supported from D0 D1 D2 D3hot D3cold
Dec 07 13:04:48 xuan-laptop kernel: pci 0000:00:1c.7: PCI bridge to [bus 03]
Dec 07 13:04:48 xuan-laptop kernel: pci 0000:00:1c.7:   bridge window [io  0x3000-0x3fff]
Dec 07 13:04:48 xuan-laptop kernel: pci 0000:00:1c.7:   bridge window [mem 0x55100000-0x551fffff]
Dec 07 13:04:48 xuan-laptop kernel: pci 0000:04:00.0: [1e0f:0001] type 00 class 0x010802
Dec 07 13:04:48 xuan-laptop kernel: pci 0000:04:00.0: reg 0x10: [mem 0x55000000-0x55003fff 64bit]
Dec 07 13:04:48 xuan-laptop kernel: pci 0000:04:00.0: PME# supported from D0 D3hot
Dec 07 13:04:48 xuan-laptop kernel: pci 0000:00:1d.0: PCI bridge to [bus 04]
Dec 07 13:04:48 xuan-laptop kernel: pci 0000:00:1d.0:   bridge window [mem 0x55000000-0x550fffff]
Dec 07 13:04:48 xuan-laptop kernel: Low-power S0 idle used by default for system suspend
Dec 07 13:04:48 xuan-laptop kernel: ACPI: EC: interrupt unblocked
Dec 07 13:04:48 xuan-laptop kernel: ACPI: EC: event unblocked
Dec 07 13:04:48 xuan-laptop kernel: ACPI: EC: EC_CMD/EC_SC=0x66, EC_DATA=0x62
Dec 07 13:04:48 xuan-laptop kernel: ACPI: EC: GPE=0x6e
Dec 07 13:04:48 xuan-laptop kernel: ACPI: \_SB_.PC00.LPCB.EC0_: Boot DSDT EC initialization complete
Dec 07 13:04:48 xuan-laptop kernel: ACPI: \_SB_.PC00.LPCB.EC0_: EC: Used to handle transactions and events
Dec 07 13:04:48 xuan-laptop kernel: iommu: Default domain type: Translated
Dec 07 13:04:48 xuan-laptop kernel: iommu: DMA domain TLB invalidation policy: lazy mode
Dec 07 13:04:48 xuan-laptop kernel: SCSI subsystem initialized
Dec 07 13:04:48 xuan-laptop kernel: libata version 3.00 loaded.
Dec 07 13:04:48 xuan-laptop kernel: ACPI: bus type USB registered
Dec 07 13:04:48 xuan-laptop kernel: usbcore: registered new interface driver usbfs
Dec 07 13:04:48 xuan-laptop kernel: usbcore: registered new interface driver hub
Dec 07 13:04:48 xuan-laptop kernel: usbcore: registered new device driver usb
Dec 07 13:04:48 xuan-laptop kernel: pps_core: LinuxPPS API ver. 1 registered
Dec 07 13:04:48 xuan-laptop kernel: pps_core: Software ver. 5.3.6 - Copyright 2005-2007 Rodolfo Giometti <giometti@linux.it>
Dec 07 13:04:48 xuan-laptop kernel: PTP clock support registered
Dec 07 13:04:48 xuan-laptop kernel: EDAC MC: Ver: 3.0.0
Dec 07 13:04:48 xuan-laptop kernel: efivars: Registered efivars operations
Dec 07 13:04:48 xuan-laptop kernel: NetLabel: Initializing
Dec 07 13:04:48 xuan-laptop kernel: NetLabel:  domain hash size = 128
Dec 07 13:04:48 xuan-laptop kernel: NetLabel:  protocols = UNLABELED CIPSOv4 CALIPSO
Dec 07 13:04:48 xuan-laptop kernel: NetLabel:  unlabeled traffic allowed by default
Dec 07 13:04:48 xuan-laptop kernel: mctp: management component transport protocol core
Dec 07 13:04:48 xuan-laptop kernel: NET: Registered PF_MCTP protocol family
Dec 07 13:04:48 xuan-laptop kernel: PCI: Using ACPI for IRQ routing
Dec 07 13:04:48 xuan-laptop kernel: PCI: pci_cache_line_size set to 64 bytes
Dec 07 13:04:48 xuan-laptop kernel: pci 0000:00:1f.5: can't claim BAR 0 [mem 0xfe010000-0xfe010fff]: no compatible bridge window
Dec 07 13:04:48 xuan-laptop kernel: e820: reserve RAM buffer [mem 0x0009f000-0x0009ffff]
Dec 07 13:04:48 xuan-laptop kernel: e820: reserve RAM buffer [mem 0x2fa61000-0x2fffffff]
Dec 07 13:04:48 xuan-laptop kernel: e820: reserve RAM buffer [mem 0x3c8a3000-0x3fffffff]
Dec 07 13:04:48 xuan-laptop kernel: e820: reserve RAM buffer [mem 0x3fc00000-0x3fffffff]
Dec 07 13:04:48 xuan-laptop kernel: e820: reserve RAM buffer [mem 0x4af800000-0x4afffffff]
Dec 07 13:04:48 xuan-laptop kernel: pci 0000:00:02.0: vgaarb: setting as boot VGA device
Dec 07 13:04:48 xuan-laptop kernel: pci 0000:00:02.0: vgaarb: bridge control possible
Dec 07 13:04:48 xuan-laptop kernel: pci 0000:00:02.0: vgaarb: VGA device added: decodes=io+mem,owns=io+mem,locks=none
Dec 07 13:04:48 xuan-laptop kernel: vgaarb: loaded
Dec 07 13:04:48 xuan-laptop kernel: clocksource: Switched to clocksource tsc-early
Dec 07 13:04:48 xuan-laptop kernel: VFS: Disk quotas dquot_6.6.0
Dec 07 13:04:48 xuan-laptop kernel: VFS: Dquot-cache hash table entries: 512 (order 0, 4096 bytes)
Dec 07 13:04:48 xuan-laptop kernel: pnp: PnP ACPI init
Dec 07 13:04:48 xuan-laptop kernel: system 00:00: [io  0x0680-0x069f] has been reserved
Dec 07 13:04:48 xuan-laptop kernel: system 00:00: [io  0x164e-0x164f] has been reserved
Dec 07 13:04:48 xuan-laptop kernel: system 00:02: [io  0x1854-0x1857] has been reserved
Dec 07 13:04:48 xuan-laptop kernel: system 00:04: [io  0x0200-0x027f] has been reserved
Dec 07 13:04:48 xuan-laptop kernel: system 00:04: [mem 0xfedf0000-0xfedfffff] has been reserved
Dec 07 13:04:48 xuan-laptop kernel: pnp 00:05: disabling [mem 0xc0000000-0xcfffffff] because it overlaps 0000:00:02.0 BAR 9 [mem 0x00000000-0xdfffffff 64bit pref]
Dec 07 13:04:48 xuan-laptop kernel: system 00:05: [mem 0xfedc0000-0xfedc7fff] has been reserved
Dec 07 13:04:48 xuan-laptop kernel: system 00:05: [mem 0xfeda0000-0xfeda0fff] has been reserved
Dec 07 13:04:48 xuan-laptop kernel: system 00:05: [mem 0xfeda1000-0xfeda1fff] has been reserved
Dec 07 13:04:48 xuan-laptop kernel: system 00:05: [mem 0xfed20000-0xfed7ffff] has been reserved
Dec 07 13:04:48 xuan-laptop kernel: system 00:05: [mem 0xfed90000-0xfed93fff] could not be reserved
Dec 07 13:04:48 xuan-laptop kernel: system 00:05: [mem 0xfed45000-0xfed8ffff] could not be reserved
Dec 07 13:04:48 xuan-laptop kernel: system 00:05: [mem 0xfee00000-0xfeefffff] has been reserved
Dec 07 13:04:48 xuan-laptop kernel: system 00:06: [mem 0xfed40000-0xfed44fff] has been reserved
Dec 07 13:04:48 xuan-laptop kernel: system 00:07: [io  0x1800-0x18fe] could not be reserved
Dec 07 13:04:48 xuan-laptop kernel: system 00:07: [mem 0xfe000000-0xfe01ffff] has been reserved
Dec 07 13:04:48 xuan-laptop kernel: system 00:07: [mem 0xfe04c000-0xfe04ffff] has been reserved
Dec 07 13:04:48 xuan-laptop kernel: system 00:07: [mem 0xfe050000-0xfe0affff] has been reserved
Dec 07 13:04:48 xuan-laptop kernel: system 00:07: [mem 0xfe0d0000-0xfe0fffff] has been reserved
Dec 07 13:04:48 xuan-laptop kernel: system 00:07: [mem 0xfe200000-0xfe7fffff] has been reserved
Dec 07 13:04:48 xuan-laptop kernel: system 00:07: [mem 0xff000000-0xffffffff] has been reserved
Dec 07 13:04:48 xuan-laptop kernel: system 00:07: [mem 0xfd000000-0xfd68ffff] has been reserved
Dec 07 13:04:48 xuan-laptop kernel: system 00:07: [mem 0xfd6b0000-0xfd6cffff] has been reserved
Dec 07 13:04:48 xuan-laptop kernel: system 00:07: [mem 0xfd6f0000-0xfdffffff] has been reserved
Dec 07 13:04:48 xuan-laptop kernel: system 00:08: [io  0x2000-0x20fe] has been reserved
Dec 07 13:04:48 xuan-laptop kernel: system 00:09: [mem 0xfe042008-0xfe042fff] has been reserved
Dec 07 13:04:48 xuan-laptop kernel: system 00:09: [mem 0xfe043000-0xfe043fff] has been reserved
Dec 07 13:04:48 xuan-laptop kernel: system 00:0a: [mem 0xfe042000-0xfe042007] has been reserved
Dec 07 13:04:48 xuan-laptop kernel: pnp: PnP ACPI: found 11 devices
Dec 07 13:04:48 xuan-laptop kernel: clocksource: acpi_pm: mask: 0xffffff max_cycles: 0xffffff, max_idle_ns: 2085701024 ns
Dec 07 13:04:48 xuan-laptop kernel: NET: Registered PF_INET protocol family
Dec 07 13:04:48 xuan-laptop kernel: IP idents hash table entries: 262144 (order: 9, 2097152 bytes, linear)
Dec 07 13:04:48 xuan-laptop kernel: tcp_listen_portaddr_hash hash table entries: 8192 (order: 5, 131072 bytes, linear)
Dec 07 13:04:48 xuan-laptop kernel: Table-perturb hash table entries: 65536 (order: 6, 262144 bytes, linear)
Dec 07 13:04:48 xuan-laptop kernel: TCP established hash table entries: 131072 (order: 8, 1048576 bytes, linear)
Dec 07 13:04:48 xuan-laptop kernel: TCP bind hash table entries: 65536 (order: 9, 2097152 bytes, linear)
Dec 07 13:04:48 xuan-laptop kernel: TCP: Hash tables configured (established 131072 bind 65536)
Dec 07 13:04:48 xuan-laptop kernel: MPTCP token hash table entries: 16384 (order: 6, 393216 bytes, linear)
Dec 07 13:04:48 xuan-laptop kernel: UDP hash table entries: 8192 (order: 6, 262144 bytes, linear)
Dec 07 13:04:48 xuan-laptop kernel: UDP-Lite hash table entries: 8192 (order: 6, 262144 bytes, linear)
Dec 07 13:04:48 xuan-laptop kernel: NET: Registered PF_UNIX/PF_LOCAL protocol family
Dec 07 13:04:48 xuan-laptop kernel: NET: Registered PF_XDP protocol family
Dec 07 13:04:48 xuan-laptop kernel: pci 0000:01:00.0: can't claim BAR 6 [mem 0xfff80000-0xffffffff pref]: no compatible bridge window
Dec 07 13:04:48 xuan-laptop kernel: pci 0000:00:02.0: BAR 9: assigned [mem 0x4020000000-0x40ffffffff 64bit pref]
Dec 07 13:04:48 xuan-laptop kernel: pci 0000:00:02.0: BAR 7: assigned [mem 0x4010000000-0x4016ffffff 64bit]
Dec 07 13:04:48 xuan-laptop kernel: pci 0000:00:15.0: BAR 0: assigned [mem 0x4017000000-0x4017000fff 64bit]
Dec 07 13:04:48 xuan-laptop kernel: pci 0000:00:1f.5: BAR 0: assigned [mem 0x50800000-0x50800fff]
Dec 07 13:04:48 xuan-laptop kernel: pci 0000:01:00.0: BAR 6: no space for [mem size 0x00080000 pref]
Dec 07 13:04:48 xuan-laptop kernel: pci 0000:01:00.0: BAR 6: failed to assign [mem size 0x00080000 pref]
Dec 07 13:04:48 xuan-laptop kernel: pci 0000:00:06.0: PCI bridge to [bus 01]
Dec 07 13:04:48 xuan-laptop kernel: pci 0000:00:06.0:   bridge window [io  0x4000-0x4fff]
Dec 07 13:04:48 xuan-laptop kernel: pci 0000:00:06.0:   bridge window [mem 0x54000000-0x54ffffff]
Dec 07 13:04:48 xuan-laptop kernel: pci 0000:00:06.0:   bridge window [mem 0x6000000000-0x6011ffffff 64bit pref]
Dec 07 13:04:48 xuan-laptop kernel: pci 0000:00:1c.0: PCI bridge to [bus 02]
Dec 07 13:04:48 xuan-laptop kernel: pci 0000:00:1c.0:   bridge window [mem 0x55200000-0x552fffff]
Dec 07 13:04:48 xuan-laptop kernel: pci 0000:00:1c.7: PCI bridge to [bus 03]
Dec 07 13:04:48 xuan-laptop kernel: pci 0000:00:1c.7:   bridge window [io  0x3000-0x3fff]
Dec 07 13:04:48 xuan-laptop kernel: pci 0000:00:1c.7:   bridge window [mem 0x55100000-0x551fffff]
Dec 07 13:04:48 xuan-laptop kernel: pci 0000:00:1d.0: PCI bridge to [bus 04]
Dec 07 13:04:48 xuan-laptop kernel: pci 0000:00:1d.0:   bridge window [mem 0x55000000-0x550fffff]
Dec 07 13:04:48 xuan-laptop kernel: pci_bus 0000:00: resource 4 [io  0x0000-0x0cf7 window]
Dec 07 13:04:48 xuan-laptop kernel: pci_bus 0000:00: resource 5 [io  0x0d00-0xffff window]
Dec 07 13:04:48 xuan-laptop kernel: pci_bus 0000:00: resource 6 [mem 0x000a0000-0x000bffff window]
Dec 07 13:04:48 xuan-laptop kernel: pci_bus 0000:00: resource 7 [mem 0x50800000-0xbfffffff window]
Dec 07 13:04:48 xuan-laptop kernel: pci_bus 0000:00: resource 8 [mem 0x4000000000-0x7fffffffff window]
Dec 07 13:04:48 xuan-laptop kernel: pci_bus 0000:01: resource 0 [io  0x4000-0x4fff]
Dec 07 13:04:48 xuan-laptop kernel: pci_bus 0000:01: resource 1 [mem 0x54000000-0x54ffffff]
Dec 07 13:04:48 xuan-laptop kernel: pci_bus 0000:01: resource 2 [mem 0x6000000000-0x6011ffffff 64bit pref]
Dec 07 13:04:48 xuan-laptop kernel: pci_bus 0000:02: resource 1 [mem 0x55200000-0x552fffff]
Dec 07 13:04:48 xuan-laptop kernel: pci_bus 0000:03: resource 0 [io  0x3000-0x3fff]
Dec 07 13:04:48 xuan-laptop kernel: pci_bus 0000:03: resource 1 [mem 0x55100000-0x551fffff]
Dec 07 13:04:48 xuan-laptop kernel: pci_bus 0000:04: resource 1 [mem 0x55000000-0x550fffff]
Dec 07 13:04:48 xuan-laptop kernel: pci 0000:00:0d.0: enabling device (0000 -> 0002)
Dec 07 13:04:48 xuan-laptop kernel: PCI: CLS 0 bytes, default 64
Dec 07 13:04:48 xuan-laptop kernel: PCI-DMA: Using software bounce buffering for IO (SWIOTLB)
Dec 07 13:04:48 xuan-laptop kernel: software IO TLB: mapped [mem 0x0000000027eea000-0x000000002beea000] (64MB)
Dec 07 13:04:48 xuan-laptop kernel: clocksource: tsc: mask: 0xffffffffffffffff max_cycles: 0x22df1149949, max_idle_ns: 440795312789 ns
Dec 07 13:04:48 xuan-laptop kernel: Trying to unpack rootfs image as initramfs...
Dec 07 13:04:48 xuan-laptop kernel: clocksource: Switched to clocksource tsc
Dec 07 13:04:48 xuan-laptop kernel: Initialise system trusted keyrings
Dec 07 13:04:48 xuan-laptop kernel: Key type blacklist registered
Dec 07 13:04:48 xuan-laptop kernel: workingset: timestamp_bits=41 max_order=22 bucket_order=0
Dec 07 13:04:48 xuan-laptop kernel: zbud: loaded
Dec 07 13:04:48 xuan-laptop kernel: integrity: Platform Keyring initialized
Dec 07 13:04:48 xuan-laptop kernel: integrity: Machine keyring initialized
Dec 07 13:04:48 xuan-laptop kernel: Key type asymmetric registered
Dec 07 13:04:48 xuan-laptop kernel: Asymmetric key parser 'x509' registered
Dec 07 13:04:48 xuan-laptop kernel: Block layer SCSI generic (bsg) driver version 0.4 loaded (major 242)
Dec 07 13:04:48 xuan-laptop kernel: io scheduler mq-deadline registered
Dec 07 13:04:48 xuan-laptop kernel: io scheduler kyber registered
Dec 07 13:04:48 xuan-laptop kernel: io scheduler bfq registered
Dec 07 13:04:48 xuan-laptop kernel: pcieport 0000:00:06.0: PME: Signaling with IRQ 122
Dec 07 13:04:48 xuan-laptop kernel: pcieport 0000:00:1c.0: PME: Signaling with IRQ 123
Dec 07 13:04:48 xuan-laptop kernel: pcieport 0000:00:1c.7: PME: Signaling with IRQ 124
Dec 07 13:04:48 xuan-laptop kernel: pcieport 0000:00:1d.0: PME: Signaling with IRQ 125
Dec 07 13:04:48 xuan-laptop kernel: shpchp: Standard Hot Plug PCI Controller Driver version: 0.4
Dec 07 13:04:48 xuan-laptop kernel: Monitor-Mwait will be used to enter C-1 state
Dec 07 13:04:48 xuan-laptop kernel: Monitor-Mwait will be used to enter C-2 state
Dec 07 13:04:48 xuan-laptop kernel: Monitor-Mwait will be used to enter C-3 state
Dec 07 13:04:48 xuan-laptop kernel: ACPI: \_SB_.PR00: Found 3 idle states
Dec 07 13:04:48 xuan-laptop kernel: ACPI: AC: AC Adapter [AC] (off-line)
Dec 07 13:04:48 xuan-laptop kernel: input: Sleep Button as /devices/LNXSYSTM:00/LNXSYBUS:00/PNP0C0E:00/input/input0
Dec 07 13:04:48 xuan-laptop kernel: ACPI: button: Sleep Button [SLPB]
Dec 07 13:04:48 xuan-laptop kernel: input: Lid Switch as /devices/LNXSYSTM:00/LNXSYBUS:00/PNP0C0D:00/input/input1
Dec 07 13:04:48 xuan-laptop kernel: ACPI: button: Lid Switch [LID]
Dec 07 13:04:48 xuan-laptop kernel: input: Power Button as /devices/LNXSYSTM:00/LNXSYBUS:00/PNP0C0C:00/input/input2
Dec 07 13:04:48 xuan-laptop kernel: ACPI: button: Power Button [PWRB]
Dec 07 13:04:48 xuan-laptop kernel: input: Power Button as /devices/LNXSYSTM:00/LNXPWRBN:00/input/input3
Dec 07 13:04:48 xuan-laptop kernel: ACPI: button: Power Button [PWRF]
Dec 07 13:04:48 xuan-laptop kernel: thermal LNXTHERM:00: registered as thermal_zone0
Dec 07 13:04:48 xuan-laptop kernel: ACPI: thermal: Thermal Zone [CPUZ] (56 C)
Dec 07 13:04:48 xuan-laptop kernel: thermal LNXTHERM:01: registered as thermal_zone1
Dec 07 13:04:48 xuan-laptop kernel: ACPI: thermal: Thermal Zone [GFXZ] (25 C)
Dec 07 13:04:48 xuan-laptop kernel: thermal LNXTHERM:02: registered as thermal_zone2
Dec 07 13:04:48 xuan-laptop kernel: ACPI: thermal: Thermal Zone [EXTZ] (0 C)
Dec 07 13:04:48 xuan-laptop kernel: thermal LNXTHERM:03: registered as thermal_zone3
Dec 07 13:04:48 xuan-laptop kernel: ACPI: thermal: Thermal Zone [LOCZ] (49 C)
Dec 07 13:04:48 xuan-laptop kernel: thermal LNXTHERM:04: registered as thermal_zone4
Dec 07 13:04:48 xuan-laptop kernel: ACPI: thermal: Thermal Zone [BATZ] (35 C)
Dec 07 13:04:48 xuan-laptop kernel: thermal LNXTHERM:05: registered as thermal_zone5
Dec 07 13:04:48 xuan-laptop kernel: ACPI: thermal: Thermal Zone [CHGZ] (43 C)
Dec 07 13:04:48 xuan-laptop kernel: thermal LNXTHERM:06: registered as thermal_zone6
Dec 07 13:04:48 xuan-laptop kernel: ACPI: thermal: Thermal Zone [SK1Z] (43 C)
Dec 07 13:04:48 xuan-laptop kernel: thermal LNXTHERM:07: registered as thermal_zone7
Dec 07 13:04:48 xuan-laptop kernel: ACPI: thermal: Thermal Zone [SK2Z] (0 C)
Dec 07 13:04:48 xuan-laptop kernel: thermal LNXTHERM:08: registered as thermal_zone8
Dec 07 13:04:48 xuan-laptop kernel: ACPI: thermal: Thermal Zone [PCHZ] (0 C)
Dec 07 13:04:48 xuan-laptop kernel: Serial: 8250/16550 driver, 32 ports, IRQ sharing enabled
Dec 07 13:04:48 xuan-laptop kernel: hpet_acpi_add: no address or irqs in _CRS
Dec 07 13:04:48 xuan-laptop kernel: Non-volatile memory driver v1.3
Dec 07 13:04:48 xuan-laptop kernel: Linux agpgart interface v0.103
Dec 07 13:04:48 xuan-laptop kernel: AMD-Vi: AMD IOMMUv2 functionality not available on this system - This is not a bug.
Dec 07 13:04:48 xuan-laptop kernel: ACPI: bus type drm_connector registered
Dec 07 13:04:48 xuan-laptop kernel: [drm] Initialized simpledrm 1.0.0 20200625 for simple-framebuffer.0 on minor 0
Dec 07 13:04:48 xuan-laptop kernel: fbcon: Deferring console take-over
Dec 07 13:04:48 xuan-laptop kernel: simple-framebuffer simple-framebuffer.0: [drm] fb0: simpledrmdrmfb frame buffer device
Dec 07 13:04:48 xuan-laptop kernel: usbcore: registered new interface driver usbserial_generic
Dec 07 13:04:48 xuan-laptop kernel: usbserial: USB Serial support registered for generic
Dec 07 13:04:48 xuan-laptop kernel: rtc_cmos 00:01: RTC can wake from S4
Dec 07 13:04:48 xuan-laptop kernel: rtc_cmos 00:01: registered as rtc0
Dec 07 13:04:48 xuan-laptop kernel: rtc_cmos 00:01: setting system clock to 2023-12-07T05:04:44 UTC (1701925484)
Dec 07 13:04:48 xuan-laptop kernel: rtc_cmos 00:01: alarms up to one month, y3k, 242 bytes nvram
Dec 07 13:04:48 xuan-laptop kernel: intel_pstate: Intel P-state driver initializing
Dec 07 13:04:48 xuan-laptop kernel: intel_pstate: HWP enabled
Dec 07 13:04:48 xuan-laptop kernel: ledtrig-cpu: registered to indicate activity on CPUs
Dec 07 13:04:48 xuan-laptop kernel: hid: raw HID events driver (C) Jiri Kosina
Dec 07 13:04:48 xuan-laptop kernel: intel_pmc_core INT33A1:00:  initialized
Dec 07 13:04:48 xuan-laptop kernel: drop_monitor: Initializing network drop monitor service
Dec 07 13:04:48 xuan-laptop kernel: ACPI: battery: Slot [BAT0] (battery present)
Dec 07 13:04:48 xuan-laptop kernel: Initializing XFRM netlink socket
Dec 07 13:04:48 xuan-laptop kernel: NET: Registered PF_INET6 protocol family
Dec 07 13:04:48 xuan-laptop kernel: Freeing initrd memory: 39120K
Dec 07 13:04:48 xuan-laptop kernel: Segment Routing with IPv6
Dec 07 13:04:48 xuan-laptop kernel: RPL Segment Routing with IPv6
Dec 07 13:04:48 xuan-laptop kernel: In-situ OAM (IOAM) with IPv6
Dec 07 13:04:48 xuan-laptop kernel: NET: Registered PF_PACKET protocol family
Dec 07 13:04:48 xuan-laptop kernel: microcode: Microcode Update Driver: v2.2.
Dec 07 13:04:48 xuan-laptop kernel: resctrl: L2 allocation detected
Dec 07 13:04:48 xuan-laptop kernel: IPI shorthand broadcast: enabled
Dec 07 13:04:48 xuan-laptop kernel: sched_clock: Marking stable (373814427, 6706973)->(409968761, -29447361)
Dec 07 13:04:48 xuan-laptop kernel: registered taskstats version 1
Dec 07 13:04:48 xuan-laptop kernel: Loading compiled-in X.509 certificates
Dec 07 13:04:48 xuan-laptop kernel: Loaded X.509 cert 'Build time autogenerated kernel key: 193bd9d56605203a32bd04fa934315916b53f895'
Dec 07 13:04:48 xuan-laptop kernel: zswap: loaded using pool zstd/zsmalloc
Dec 07 13:04:48 xuan-laptop kernel: Key type .fscrypt registered
Dec 07 13:04:48 xuan-laptop kernel: Key type fscrypt-provisioning registered
Dec 07 13:04:48 xuan-laptop kernel: integrity: Loading X.509 certificate: UEFI:db
Dec 07 13:04:48 xuan-laptop kernel: integrity: Loaded X.509 cert 'HP Inc.: HP UEFI Secure Boot DB 2017: d9c01b50cfcae89d3b05345c163aa76e5dd589e7'
Dec 07 13:04:48 xuan-laptop kernel: integrity: Loading X.509 certificate: UEFI:db
Dec 07 13:04:48 xuan-laptop kernel: integrity: Loaded X.509 cert 'Microsoft Windows Production PCA 2011: a92902398e16c49778cd90f99e4f9ae17c55af53'
Dec 07 13:04:48 xuan-laptop kernel: integrity: Loading X.509 certificate: UEFI:db
Dec 07 13:04:48 xuan-laptop kernel: integrity: Loaded X.509 cert 'Microsoft Corporation UEFI CA 2011: 13adbf4309bd82709c8cd54f316ed522988a1bd4'
Dec 07 13:04:48 xuan-laptop kernel: PM:   Magic number: 3:603:61
Dec 07 13:04:48 xuan-laptop kernel: RAS: Correctable Errors collector initialized.
Dec 07 13:04:48 xuan-laptop kernel: clk: Disabling unused clocks
Dec 07 13:04:48 xuan-laptop kernel: Freeing unused decrypted memory: 2028K
Dec 07 13:04:48 xuan-laptop kernel: Freeing unused kernel image (initmem) memory: 3412K
Dec 07 13:04:48 xuan-laptop kernel: Write protecting the kernel read-only data: 30720k
Dec 07 13:04:48 xuan-laptop kernel: Freeing unused kernel image (rodata/data gap) memory: 1268K
Dec 07 13:04:48 xuan-laptop kernel: x86/mm: Checked W+X mappings: passed, no W+X pages found.
Dec 07 13:04:48 xuan-laptop kernel: rodata_test: all tests were successful
Dec 07 13:04:48 xuan-laptop kernel: Run /init as init process
Dec 07 13:04:48 xuan-laptop kernel:   with arguments:
Dec 07 13:04:48 xuan-laptop kernel:     /init
Dec 07 13:04:48 xuan-laptop kernel:   with environment:
Dec 07 13:04:48 xuan-laptop kernel:     HOME=/
Dec 07 13:04:48 xuan-laptop kernel:     TERM=linux
Dec 07 13:04:48 xuan-laptop kernel:     BOOT_IMAGE=/vmlinuz-linux
Dec 07 13:04:48 xuan-laptop kernel: wmi_bus wmi_bus-PNP0C14:02: WQZZ data block query control method not found
Dec 07 13:04:48 xuan-laptop kernel: i8042: PNP: PS/2 Controller [PNP0303:PS2K] at 0x60,0x64 irq 1
Dec 07 13:04:48 xuan-laptop kernel: i8042: PNP: PS/2 appears to have AUX port disabled, if this is incorrect please boot with i8042.nopnp
Dec 07 13:04:48 xuan-laptop kernel: serio: i8042 KBD port at 0x60,0x64 irq 1
Dec 07 13:04:48 xuan-laptop kernel: xhci_hcd 0000:00:0d.0: xHCI Host Controller
Dec 07 13:04:48 xuan-laptop kernel: xhci_hcd 0000:00:0d.0: new USB bus registered, assigned bus number 1
Dec 07 13:04:48 xuan-laptop kernel: xhci_hcd 0000:00:0d.0: hcc params 0x20007fc1 hci version 0x120 quirks 0x0000000200009810
Dec 07 13:04:48 xuan-laptop kernel: xhci_hcd 0000:00:0d.0: xHCI Host Controller
Dec 07 13:04:48 xuan-laptop kernel: xhci_hcd 0000:00:0d.0: new USB bus registered, assigned bus number 2
Dec 07 13:04:48 xuan-laptop kernel: xhci_hcd 0000:00:0d.0: Host supports USB 3.1 Enhanced SuperSpeed
Dec 07 13:04:48 xuan-laptop kernel: usb usb1: New USB device found, idVendor=1d6b, idProduct=0002, bcdDevice= 6.06
Dec 07 13:04:48 xuan-laptop kernel: usb usb1: New USB device strings: Mfr=3, Product=2, SerialNumber=1
Dec 07 13:04:48 xuan-laptop kernel: usb usb1: Product: xHCI Host Controller
Dec 07 13:04:48 xuan-laptop kernel: usb usb1: Manufacturer: Linux 6.6.4-arch1-1 xhci-hcd
Dec 07 13:04:48 xuan-laptop kernel: usb usb1: SerialNumber: 0000:00:0d.0
Dec 07 13:04:48 xuan-laptop kernel: hub 1-0:1.0: USB hub found
Dec 07 13:04:48 xuan-laptop kernel: hub 1-0:1.0: 1 port detected
Dec 07 13:04:48 xuan-laptop kernel: usb usb2: New USB device found, idVendor=1d6b, idProduct=0003, bcdDevice= 6.06
Dec 07 13:04:48 xuan-laptop kernel: usb usb2: New USB device strings: Mfr=3, Product=2, SerialNumber=1
Dec 07 13:04:48 xuan-laptop kernel: usb usb2: Product: xHCI Host Controller
Dec 07 13:04:48 xuan-laptop kernel: usb usb2: Manufacturer: Linux 6.6.4-arch1-1 xhci-hcd
Dec 07 13:04:48 xuan-laptop kernel: usb usb2: SerialNumber: 0000:00:0d.0
Dec 07 13:04:48 xuan-laptop kernel: hub 2-0:1.0: USB hub found
Dec 07 13:04:48 xuan-laptop kernel: hub 2-0:1.0: 4 ports detected
Dec 07 13:04:48 xuan-laptop kernel: usb: port power management may be unreliable
Dec 07 13:04:48 xuan-laptop kernel: xhci_hcd 0000:00:14.0: xHCI Host Controller
Dec 07 13:04:48 xuan-laptop kernel: xhci_hcd 0000:00:14.0: new USB bus registered, assigned bus number 3
Dec 07 13:04:48 xuan-laptop kernel: xhci_hcd 0000:00:14.0: hcc params 0x20007fc1 hci version 0x120 quirks 0x0000000200009810
Dec 07 13:04:48 xuan-laptop kernel: xhci_hcd 0000:00:14.0: xHCI Host Controller
Dec 07 13:04:48 xuan-laptop kernel: xhci_hcd 0000:00:14.0: new USB bus registered, assigned bus number 4
Dec 07 13:04:48 xuan-laptop kernel: xhci_hcd 0000:00:14.0: Host supports USB 3.1 Enhanced SuperSpeed
Dec 07 13:04:48 xuan-laptop kernel: usb usb3: New USB device found, idVendor=1d6b, idProduct=0002, bcdDevice= 6.06
Dec 07 13:04:48 xuan-laptop kernel: usb usb3: New USB device strings: Mfr=3, Product=2, SerialNumber=1
Dec 07 13:04:48 xuan-laptop kernel: usb usb3: Product: xHCI Host Controller
Dec 07 13:04:48 xuan-laptop kernel: usb usb3: Manufacturer: Linux 6.6.4-arch1-1 xhci-hcd
Dec 07 13:04:48 xuan-laptop kernel: usb usb3: SerialNumber: 0000:00:14.0
Dec 07 13:04:48 xuan-laptop kernel: hub 3-0:1.0: USB hub found
Dec 07 13:04:48 xuan-laptop kernel: hub 3-0:1.0: 12 ports detected
Dec 07 13:04:48 xuan-laptop kernel: nvme nvme0: pci function 0000:04:00.0
Dec 07 13:04:48 xuan-laptop kernel: usb usb4: New USB device found, idVendor=1d6b, idProduct=0003, bcdDevice= 6.06
Dec 07 13:04:48 xuan-laptop kernel: usb usb4: New USB device strings: Mfr=3, Product=2, SerialNumber=1
Dec 07 13:04:48 xuan-laptop kernel: usb usb4: Product: xHCI Host Controller
Dec 07 13:04:48 xuan-laptop kernel: usb usb4: Manufacturer: Linux 6.6.4-arch1-1 xhci-hcd
Dec 07 13:04:48 xuan-laptop kernel: usb usb4: SerialNumber: 0000:00:14.0
Dec 07 13:04:48 xuan-laptop kernel: hub 4-0:1.0: USB hub found
Dec 07 13:04:48 xuan-laptop kernel: hub 4-0:1.0: 4 ports detected
Dec 07 13:04:48 xuan-laptop kernel: nvme nvme0: allocated 61 MiB host memory buffer.
Dec 07 13:04:48 xuan-laptop kernel: nvme nvme0: 8/0/0 default/read/poll queues
Dec 07 13:04:48 xuan-laptop kernel:  nvme0n1: p1 p2 p3 p4 p5 p6 p7 p8
Dec 07 13:04:48 xuan-laptop kernel: input: AT Translated Set 2 keyboard as /devices/platform/i8042/serio0/input/input4
Dec 07 13:04:48 xuan-laptop kernel: usb 3-2: new high-speed USB device number 2 using xhci_hcd
Dec 07 13:04:48 xuan-laptop kernel: usb 3-2: New USB device found, idVendor=0408, idProduct=5378, bcdDevice= 0.05
Dec 07 13:04:48 xuan-laptop kernel: usb 3-2: New USB device strings: Mfr=3, Product=1, SerialNumber=2
Dec 07 13:04:48 xuan-laptop kernel: usb 3-2: Product: HP HD Camera
Dec 07 13:04:48 xuan-laptop kernel: usb 3-2: Manufacturer: Quanta
Dec 07 13:04:48 xuan-laptop kernel: usb 3-2: SerialNumber: 0001
Dec 07 13:04:48 xuan-laptop kernel: usb 4-1: new SuperSpeed USB device number 2 using xhci_hcd
Dec 07 13:04:48 xuan-laptop kernel: usb 4-1: New USB device found, idVendor=174c, idProduct=1153, bcdDevice= 1.00
Dec 07 13:04:48 xuan-laptop kernel: usb 4-1: New USB device strings: Mfr=2, Product=3, SerialNumber=1
Dec 07 13:04:48 xuan-laptop kernel: usb 4-1: Product: Ugreen Storage Device
Dec 07 13:04:48 xuan-laptop kernel: usb 4-1: Manufacturer: Ugreen
Dec 07 13:04:48 xuan-laptop kernel: usb 4-1: SerialNumber: 26A1EE838575
Dec 07 13:04:48 xuan-laptop kernel: usb 3-7: new full-speed USB device number 3 using xhci_hcd
Dec 07 13:04:48 xuan-laptop kernel: usb 3-7: New USB device found, idVendor=04f3, idProduct=0c5e, bcdDevice= 3.02
Dec 07 13:04:48 xuan-laptop kernel: usb 3-7: New USB device strings: Mfr=1, Product=2, SerialNumber=0
Dec 07 13:04:48 xuan-laptop kernel: usb 3-7: Product: ELAN:ARM-M4
Dec 07 13:04:48 xuan-laptop kernel: usb 3-7: Manufacturer: ELAN
Dec 07 13:04:48 xuan-laptop kernel: usb 4-2: new SuperSpeed USB device number 3 using xhci_hcd
Dec 07 13:04:48 xuan-laptop kernel: usb 4-2: New USB device found, idVendor=174c, idProduct=1153, bcdDevice= 1.00
Dec 07 13:04:48 xuan-laptop kernel: usb 4-2: New USB device strings: Mfr=2, Product=3, SerialNumber=1
Dec 07 13:04:48 xuan-laptop kernel: usb 4-2: Product: Ugreen Storage Device
Dec 07 13:04:48 xuan-laptop kernel: usb 4-2: Manufacturer: Ugreen
Dec 07 13:04:48 xuan-laptop kernel: usb 4-2: SerialNumber: 26A1EE833D32
Dec 07 13:04:48 xuan-laptop kernel: usb 3-10: new full-speed USB device number 4 using xhci_hcd
Dec 07 13:04:48 xuan-laptop kernel: usb 3-10: New USB device found, idVendor=8087, idProduct=0026, bcdDevice= 0.02
Dec 07 13:04:48 xuan-laptop kernel: usb 3-10: New USB device strings: Mfr=0, Product=0, SerialNumber=0
Dec 07 13:04:48 xuan-laptop kernel: usbcore: registered new interface driver usb-storage
Dec 07 13:04:48 xuan-laptop kernel: scsi host0: uas
Dec 07 13:04:48 xuan-laptop kernel: scsi 0:0:0:0: Direct-Access     ZHITAI S C001 Active 512G 0    PQ: 0 ANSI: 6
Dec 07 13:04:48 xuan-laptop kernel: scsi host1: uas
Dec 07 13:04:48 xuan-laptop kernel: usbcore: registered new interface driver uas
Dec 07 13:04:48 xuan-laptop kernel: sd 0:0:0:0: [sda] 1000215216 512-byte logical blocks: (512 GB/477 GiB)
Dec 07 13:04:48 xuan-laptop kernel: scsi 1:0:0:0: Direct-Access     ZHITAI S C001 Active 512G 0    PQ: 0 ANSI: 6
Dec 07 13:04:48 xuan-laptop kernel: sd 0:0:0:0: [sda] Write Protect is off
Dec 07 13:04:48 xuan-laptop kernel: sd 0:0:0:0: [sda] Mode Sense: 43 00 00 00
Dec 07 13:04:48 xuan-laptop kernel: sd 0:0:0:0: [sda] Write cache: enabled, read cache: enabled, doesn't support DPO or FUA
Dec 07 13:04:48 xuan-laptop kernel: sd 0:0:0:0: [sda] Preferred minimum I/O size 512 bytes
Dec 07 13:04:48 xuan-laptop kernel: sd 0:0:0:0: [sda] Optimal transfer size 33553920 bytes
Dec 07 13:04:48 xuan-laptop kernel: sd 1:0:0:0: [sdb] 1000215216 512-byte logical blocks: (512 GB/477 GiB)
Dec 07 13:04:48 xuan-laptop kernel: sd 1:0:0:0: [sdb] Write Protect is off
Dec 07 13:04:48 xuan-laptop kernel: sd 1:0:0:0: [sdb] Mode Sense: 43 00 00 00
Dec 07 13:04:48 xuan-laptop kernel: sd 1:0:0:0: [sdb] Write cache: enabled, read cache: enabled, doesn't support DPO or FUA
Dec 07 13:04:48 xuan-laptop kernel: sd 1:0:0:0: [sdb] Preferred minimum I/O size 512 bytes
Dec 07 13:04:48 xuan-laptop kernel: sd 1:0:0:0: [sdb] Optimal transfer size 33553920 bytes
Dec 07 13:04:48 xuan-laptop kernel:  sda: sda1 sda2 sda3
Dec 07 13:04:48 xuan-laptop kernel: sd 0:0:0:0: [sda] Attached SCSI disk
Dec 07 13:04:48 xuan-laptop kernel:  sdb: sdb1 sdb2 sdb3 sdb4
Dec 07 13:04:48 xuan-laptop kernel: sd 1:0:0:0: [sdb] Attached SCSI disk
Dec 07 13:04:48 xuan-laptop kernel: fbcon: Taking over console
Dec 07 13:04:48 xuan-laptop kernel: Console: switching to colour frame buffer device 240x67
Dec 07 13:04:48 xuan-laptop kernel: EXT4-fs (sdb3): mounted filesystem d92d756a-074f-453f-aa66-5220fc8a106b r/w with ordered data mode. Quota mode: none.
Dec 07 13:04:48 xuan-laptop systemd[1]: systemd 254.6-2-arch running in system mode (+PAM +AUDIT -SELINUX -APPARMOR -IMA +SMACK +SECCOMP +GCRYPT +GNUTLS +OPENSSL +ACL +BLKID +CURL +ELFUTILS +FIDO2 +IDN2 -IDN +IPTC +KMOD +LIBCRYPTSETUP +LIBFDISK +PCRE2 -PWQUALITY +P11KIT -QRENCODE +TPM2 +BZIP2 +LZ4 +XZ +ZLIB +ZSTD +BPF_FRAMEWORK +XKBCOMMON +UTMP -SYSVINIT default-hierarchy=unified)
Dec 07 13:04:48 xuan-laptop systemd[1]: Detected architecture x86-64.
Dec 07 13:04:48 xuan-laptop systemd[1]: Hostname set to <xuan-laptop>.
Dec 07 13:04:48 xuan-laptop systemd[1]: bpf-lsm: LSM BPF program attached
Dec 07 13:04:48 xuan-laptop systemd-fstab-generator[218]: Failed to create unit file '/run/systemd/generator/-.mount', as it already exists. Duplicate entry in '/etc/fstab'?
Dec 07 13:04:48 xuan-laptop (sd-execu[213]: /usr/lib/systemd/system-generators/systemd-fstab-generator failed with exit status 1.
Dec 07 13:04:48 xuan-laptop systemd[1]: Queued start job for default target Graphical Interface.
Dec 07 13:04:48 xuan-laptop systemd[1]: Created slice Slice /system/getty.
Dec 07 13:04:48 xuan-laptop systemd[1]: Created slice Slice /system/modprobe.
Dec 07 13:04:48 xuan-laptop systemd[1]: Created slice Slice /system/systemd-fsck.
Dec 07 13:04:48 xuan-laptop systemd[1]: Created slice User and Session Slice.
Dec 07 13:04:48 xuan-laptop systemd[1]: Started Forward Password Requests to Wall Directory Watch.
Dec 07 13:04:48 xuan-laptop systemd[1]: Set up automount Arbitrary Executable File Formats File System Automount Point.
Dec 07 13:04:48 xuan-laptop systemd[1]: Reached target Local Integrity Protected Volumes.
Dec 07 13:04:48 xuan-laptop systemd[1]: Reached target Remote File Systems.
Dec 07 13:04:48 xuan-laptop systemd[1]: Reached target Slice Units.
Dec 07 13:04:48 xuan-laptop systemd[1]: Reached target Local Verity Protected Volumes.
Dec 07 13:04:48 xuan-laptop systemd[1]: Listening on Device-mapper event daemon FIFOs.
Dec 07 13:04:48 xuan-laptop systemd[1]: Listening on LVM2 poll daemon socket.
Dec 07 13:04:48 xuan-laptop systemd[1]: Listening on Process Core Dump Socket.
Dec 07 13:04:48 xuan-laptop systemd[1]: Listening on Journal Socket (/dev/log).
Dec 07 13:04:48 xuan-laptop systemd[1]: Listening on Journal Socket.
Dec 07 13:04:48 xuan-laptop systemd[1]: Listening on udev Control Socket.
Dec 07 13:04:48 xuan-laptop systemd[1]: Listening on udev Kernel Socket.
Dec 07 13:04:48 xuan-laptop systemd[1]: Mounting Huge Pages File System...
Dec 07 13:04:48 xuan-laptop systemd[1]: Mounting POSIX Message Queue File System...
Dec 07 13:04:48 xuan-laptop systemd[1]: Mounting Kernel Debug File System...
Dec 07 13:04:48 xuan-laptop systemd[1]: Mounting Kernel Trace File System...
Dec 07 13:04:48 xuan-laptop systemd[1]: Starting Create List of Static Device Nodes...
Dec 07 13:04:48 xuan-laptop systemd[1]: Starting Monitoring of LVM2 mirrors, snapshots etc. using dmeventd or progress polling...
Dec 07 13:04:48 xuan-laptop systemd[1]: Starting Load Kernel Module configfs...
Dec 07 13:04:48 xuan-laptop systemd[1]: Starting Load Kernel Module dm_mod...
Dec 07 13:04:48 xuan-laptop systemd[1]: Starting Load Kernel Module drm...
Dec 07 13:04:48 xuan-laptop systemd[1]: Starting Load Kernel Module fuse...
Dec 07 13:04:48 xuan-laptop systemd[1]: Starting Load Kernel Module loop...
Dec 07 13:04:48 xuan-laptop systemd[1]: File System Check on Root Device was skipped because of an unmet condition check (ConditionPathIsReadWrite=!/).
Dec 07 13:04:48 xuan-laptop systemd[1]: Starting Journal Service...
Dec 07 13:04:48 xuan-laptop systemd[1]: Starting Load Kernel Modules...
Dec 07 13:04:48 xuan-laptop systemd[1]: TPM2 PCR Machine ID Measurement was skipped because of an unmet condition check (ConditionPathExists=/sys/firmware/efi/efivars/StubPcrKernelImage-4a67b082-0a4c-41cf-b6c7-440b29bb8c4f).
Dec 07 13:04:48 xuan-laptop systemd[1]: Starting Remount Root and Kernel File Systems...
Dec 07 13:04:48 xuan-laptop systemd[1]: Starting Coldplug All udev Devices...
Dec 07 13:04:48 xuan-laptop systemd[1]: Starting Virtual Console Setup...
Dec 07 13:04:48 xuan-laptop systemd[1]: Mounted Huge Pages File System.
Dec 07 13:04:48 xuan-laptop systemd[1]: Mounted POSIX Message Queue File System.
Dec 07 13:04:48 xuan-laptop systemd[1]: Mounted Kernel Debug File System.
Dec 07 13:04:48 xuan-laptop systemd[1]: Mounted Kernel Trace File System.
Dec 07 13:04:48 xuan-laptop kernel: loop: module loaded
Dec 07 13:04:48 xuan-laptop systemd-journald[238]: Collecting audit messages is disabled.
Dec 07 13:04:48 xuan-laptop kernel: fuse: init (API version 7.39)
Dec 07 13:04:48 xuan-laptop kernel: device-mapper: uevent: version 1.0.3
Dec 07 13:04:48 xuan-laptop kernel: device-mapper: ioctl: 4.48.0-ioctl (2023-03-01) initialised: dm-devel@redhat.com
Dec 07 13:04:48 xuan-laptop kernel: i2c_dev: i2c /dev entries driver
Dec 07 13:04:48 xuan-laptop systemd-journald[238]: Journal started
Dec 07 13:04:48 xuan-laptop systemd-journald[238]: Runtime Journal (/run/log/journal/6f85b07f5b7d40ec954c23727d54bb89) is 8.0M, max 784.0M, 776.0M free.
Dec 07 13:04:48 xuan-laptop systemd-modules-load[239]: Inserted module 'crypto_user'
Dec 07 13:04:48 xuan-laptop systemd-modules-load[239]: Inserted module 'i2c_dev'
Dec 07 13:04:48 xuan-laptop systemd[1]: modprobe@configfs.service: Deactivated successfully.
Dec 07 13:04:48 xuan-laptop kernel: EXT4-fs (sdb3): re-mounted d92d756a-074f-453f-aa66-5220fc8a106b r/w. Quota mode: none.
Dec 07 13:04:48 xuan-laptop systemd[1]: Finished Create List of Static Device Nodes.
Dec 07 13:04:48 xuan-laptop kernel: EXT4-fs (sdb3): re-mounted d92d756a-074f-453f-aa66-5220fc8a106b r/w. Quota mode: none.
Dec 07 13:04:48 xuan-laptop systemd[1]: Started Journal Service.
Dec 07 13:04:48 xuan-laptop systemd[1]: Finished Load Kernel Module configfs.
Dec 07 13:04:48 xuan-laptop systemd[1]: modprobe@dm_mod.service: Deactivated successfully.
Dec 07 13:04:48 xuan-laptop systemd[1]: Finished Load Kernel Module dm_mod.
Dec 07 13:04:48 xuan-laptop systemd[1]: modprobe@drm.service: Deactivated successfully.
Dec 07 13:04:48 xuan-laptop systemd[1]: Finished Load Kernel Module drm.
Dec 07 13:04:48 xuan-laptop systemd[1]: modprobe@fuse.service: Deactivated successfully.
Dec 07 13:04:48 xuan-laptop systemd[1]: Finished Load Kernel Module fuse.
Dec 07 13:04:48 xuan-laptop systemd[1]: Finished Monitoring of LVM2 mirrors, snapshots etc. using dmeventd or progress polling.
Dec 07 13:04:48 xuan-laptop systemd[1]: modprobe@loop.service: Deactivated successfully.
Dec 07 13:04:48 xuan-laptop systemd[1]: Finished Load Kernel Module loop.
Dec 07 13:04:48 xuan-laptop systemd[1]: Finished Load Kernel Modules.
Dec 07 13:04:48 xuan-laptop systemd[1]: Finished Remount Root and Kernel File Systems.
Dec 07 13:04:48 xuan-laptop systemd[1]: Finished Coldplug All udev Devices.
Dec 07 13:04:48 xuan-laptop systemd[1]: Finished Virtual Console Setup.
Dec 07 13:04:48 xuan-laptop systemd[1]: Mounting FUSE Control File System...
Dec 07 13:04:48 xuan-laptop systemd[1]: Mounting Kernel Configuration File System...
Dec 07 13:04:48 xuan-laptop systemd[1]: Rebuild Hardware Database was skipped because of an unmet condition check (ConditionNeedsUpdate=/etc).
Dec 07 13:04:48 xuan-laptop systemd[1]: Starting Flush Journal to Persistent Storage...
Dec 07 13:04:48 xuan-laptop systemd[1]: Starting Load/Save OS Random Seed...
Dec 07 13:04:48 xuan-laptop systemd[1]: Repartition Root Disk was skipped because no trigger condition checks were met.
Dec 07 13:04:48 xuan-laptop systemd[1]: Starting Apply Kernel Variables...
Dec 07 13:04:48 xuan-laptop systemd[1]: Starting Create Static Device Nodes in /dev gracefully...
Dec 07 13:04:48 xuan-laptop systemd[1]: Mounted FUSE Control File System.
Dec 07 13:04:48 xuan-laptop systemd[1]: Mounted Kernel Configuration File System.
Dec 07 13:04:48 xuan-laptop systemd-journald[238]: Time spent on flushing to /var/log/journal/6f85b07f5b7d40ec954c23727d54bb89 is 9.002ms for 896 entries.
